00:00.016  color_management | Using OCIO=C:\Program Files\Blender Foundation\Blender 5.2\5.2\datafiles\colormanagement\config.ocio
03:52:28 | INFO: Data are loaded, start creating Blender stuff
03:52:28 | INFO: Blender create Mesh node Face.005
03:52:28 | INFO: glTF import finished in 0.41s
FBX version: 7700
[G] grafted Parry from sword and shield block (2).fbx: 15 source frames
INFO Draco is available, use library at C:\Program Files\Blender Foundation\Blender 5.2\5.2\scripts\addons_core\io_scene_gltf2\bf_intern_draco_bridge.dll
INFO MeshOptimizer is available, use library at C:\Program Files\Blender Foundation\Blender 5.2\5.2\scripts\addons_core\io_scene_gltf2\bf_intern_meshopt_bridge.dll
03:52:29 | INFO: Starting glTF 2.0 export
03:52:29 | INFO: Extracting primitive: Face.005
03:52:29 | WARNING: More than one shader node tex image used for a texture. The resulting glTF sampler will behave like the first shader node tex image.
03:52:29 | WARNING: More than one shader node tex image used for a texture. The resulting glTF sampler will behave like the first shader node tex image.
03:52:29 | WARNING: More than one shader node tex image used for a texture. The resulting glTF sampler will behave like the first shader node tex image.
03:52:29 | INFO: Primitives created: 5
03:52:32 | INFO: Finished glTF 2.0 export in 3.494612455368042 s

[OK] hero 6341540 bytes
[PIN] hero    Attack2  hips drift 3.160 -> 0.000 m
[NEW] hero    Parry    15 frames, turn  -65.1, end ramp    6.2
[YAW] hero    Idle     frames=  73.0 yaw=[0.2, -0.1, -0.2, -0.2, -0.1, 0.2, 0.3, -0.1, -0.3, -0.3, -0.0, 0.3, 0.4]
[YAW] hero    Walk     frames=  33.0 yaw=[2.5, -0.3, -4.4, -6.6, -6.7, -5.6, -3.1, 0.0, 3.2, 6.3, 7.4, 6.0, 2.5]
[YAW] hero    Run      frames=  21.0 yaw=[-9.5, -10.4, -7.3, -3.3, 0.0, 5.0, 10.1, 10.8, 6.6, 2.9, 1.7, -1.4, -9.5]
[YAW] hero    Attack1  frames=  16.0 yaw=[0.0, 15.8, 29.8, 41.0, 48.8, 53.9, 56.7, 56.7, 55.8, 55.0, 54.3, 52.5, 47.5]
[YAW] hero    Attack2  frames=  17.0 yaw=[-0.0, -50.1, -105.1, -145.2, 147.8, 79.1, 59.3, 32.8, -2.5, -21.7, -11.5, -4.8, -0.0]
[YAW] hero    Attack3  frames=  23.0 yaw=[0.0, -7.7, -7.9, 2.1, 29.9, 52.9, 48.1, 26.3, 4.8, -6.1, -6.1, -3.1, -0.0]
[YAW] hero    Dodge    frames=  23.0 yaw=[0.0, 9.9, 24.2, 34.7, 41.4, 53.8, 103.0, 45.6, -9.2, -9.7, -12.7, -4.7, -0.8]
[YAW] hero    Block    frames=  42.0 yaw=[0.0, -0.0, -0.0, 0.1, 0.2, 0.2, 0.1, 0.0, -0.2, -0.3, -0.1, -0.0, 0.0]
[YAW] hero    Hit      frames=  21.0 yaw=[-5.7, -3.2, 0.2, 4.3, 6.0, 3.9, 2.3, 0.7, -0.2, -1.1, -2.4, -3.8, -5.1]
[YAW] hero    Death    frames=  69.0 yaw=[-0.0, 19.1, 15.8, 13.9, 13.3, 11.2, 8.5, 11.7, 37.6, 55.5, 60.5, 62.8, 60.2]
[YAW] hero    Cast     frames=  18.0 yaw=[-0.0, 6.2, 13.0, 15.4, 15.5, 15.5, 15.6, 15.5, 15.2, 13.0, 9.2, 4.7, 0.0]
[YAW] hero    Parry    frames=  15.0 yaw=[-0.0, -0.4, -1.6, -3.9, -7.0, -8.6, -7.0, -3.0, -0.7, 0.0, 0.2, 0.1, -0.0]
Blender 5.2.1 LTS (hash 9e2066aef7ef built 2026-08-25 02:38:20)

Blender quit
