00:00.015  color_management | Using OCIO=C:\Program Files\Blender Foundation\Blender 5.2\5.2\datafiles\colormanagement\config.ocio
00:36:20 | INFO: Data are loaded, start creating Blender stuff
00:36:20 | INFO: Blender create Mesh node Eyebrows.003
00:36:20 | INFO: glTF import finished in 0.43s
FBX version: 7700
[G] grafted Attack2 from sword and shield attack (2).fbx: 39 source frames
FBX version: 7700
[G] grafted Attack3 from sword and shield attack (4).fbx: 30 source frames
FBX version: 7700
[G] grafted Cast from sword and shield casting (2).fbx: 31 source frames
INFO Draco is available, use library at C:\Program Files\Blender Foundation\Blender 5.2\5.2\scripts\addons_core\io_scene_gltf2\bf_intern_draco_bridge.dll
INFO MeshOptimizer is available, use library at C:\Program Files\Blender Foundation\Blender 5.2\5.2\scripts\addons_core\io_scene_gltf2\bf_intern_meshopt_bridge.dll
00:36:23 | INFO: Starting glTF 2.0 export
00:36:23 | INFO: Extracting primitive: Eyebrows.003
00:36:23 | WARNING: More than one shader node tex image used for a texture. The resulting glTF sampler will behave like the first shader node tex image.
00:36:23 | WARNING: More than one shader node tex image used for a texture. The resulting glTF sampler will behave like the first shader node tex image.
00:36:23 | WARNING: More than one shader node tex image used for a texture. The resulting glTF sampler will behave like the first shader node tex image.
00:36:23 | INFO: Primitives created: 5
00:36:27 | INFO: Finished glTF 2.0 export in 4.096354961395264 s

[OK] mira 6279448 bytes
00:36:28 | INFO: Data are loaded, start creating Blender stuff
00:36:28 | INFO: Blender create Mesh node Eren_BodyMesh
00:36:29 | INFO: glTF import finished in 0.75s
FBX version: 7700
[G] grafted Attack2 from sword and shield attack (2).fbx: 39 source frames
FBX version: 7700
[G] grafted Attack3 from sword and shield attack (4).fbx: 30 source frames
FBX version: 7700
[G] grafted Cast from sword and shield casting (2).fbx: 31 source frames
00:36:31 | INFO: Starting glTF 2.0 export
00:36:31 | INFO: Extracting primitive: Eren_BodyMesh
00:36:31 | WARNING: More than one shader node tex image used for a texture. The resulting glTF sampler will behave like the first shader node tex image.
00:36:31 | WARNING: More than one shader node tex image used for a texture. The resulting glTF sampler will behave like the first shader node tex image.
00:36:32 | WARNING: More than one shader node tex image used for a texture. The resulting glTF sampler will behave like the first shader node tex image.
00:36:32 | INFO: Primitives created: 5
00:36:35 | INFO: Finished glTF 2.0 export in 3.833571195602417 s

[OK] eren 5349476 bytes
00:36:36 | INFO: Data are loaded, start creating Blender stuff
00:36:36 | INFO: Blender create Mesh node Goblin_BodyMesh.002
00:36:37 | INFO: glTF import finished in 0.42s
FBX version: 7700
[G] grafted Attack2 from sword and shield attack (2).fbx: 39 source frames
FBX version: 7700
[G] grafted Attack3 from sword and shield attack (4).fbx: 30 source frames
FBX version: 7700
[G] grafted Cast from sword and shield casting (2).fbx: 31 source frames
00:36:38 | INFO: Starting glTF 2.0 export
00:36:38 | INFO: Extracting primitive: Goblin_BodyMesh.002
00:36:38 | WARNING: More than one shader node tex image used for a texture. The resulting glTF sampler will behave like the first shader node tex image.
00:36:38 | INFO: Primitives created: 1
00:36:40 | INFO: Finished glTF 2.0 export in 1.7712030410766602 s

[OK] goblin 2410948 bytes
00:36:40 | INFO: Data are loaded, start creating Blender stuff
00:36:40 | INFO: Blender create Mesh node OrcMesh
00:36:41 | INFO: glTF import finished in 0.45s
FBX version: 7700
[G] grafted Attack2 from sword and shield attack (2).fbx: 39 source frames
FBX version: 7700
[G] grafted Attack3 from sword and shield attack (4).fbx: 30 source frames
FBX version: 7700
[G] grafted Cast from sword and shield casting (2).fbx: 31 source frames
00:36:42 | INFO: Starting glTF 2.0 export
00:36:42 | INFO: Extracting primitive: OrcMesh
00:36:42 | WARNING: More than one shader node tex image used for a texture. The resulting glTF sampler will behave like the first shader node tex image.
00:36:42 | INFO: Primitives created: 1
00:36:44 | INFO: Finished glTF 2.0 export in 1.8246536254882812 s

[OK] orc 2571684 bytes
00:36:44 | INFO: Data are loaded, start creating Blender stuff
00:36:44 | INFO: Blender create Mesh node WardenMesh.004
00:36:45 | INFO: glTF import finished in 0.46s
FBX version: 7700
[G] grafted Attack2 from sword and shield attack (2).fbx: 39 source frames
FBX version: 7700
[G] grafted Attack3 from sword and shield attack (4).fbx: 30 source frames
FBX version: 7700
[G] grafted Cast from sword and shield casting (2).fbx: 31 source frames
00:36:46 | INFO: Starting glTF 2.0 export
00:36:46 | INFO: Extracting primitive: WardenMesh.004
00:36:46 | WARNING: More than one shader node tex image used for a texture. The resulting glTF sampler will behave like the first shader node tex image.
00:36:46 | INFO: Primitives created: 1
00:36:48 | INFO: Finished glTF 2.0 export in 1.9219300746917725 s

[OK] warden 2834812 bytes
00:36:49 | INFO: Data are loaded, start creating Blender stuff
00:36:49 | INFO: Blender create Mesh node ShamanMesh
00:36:49 | INFO: glTF import finished in 0.50s
FBX version: 7700
[G] grafted Attack2 from sword and shield attack (2).fbx: 39 source frames
FBX version: 7700
[G] grafted Attack3 from sword and shield attack (4).fbx: 30 source frames
FBX version: 7700
[G] grafted Cast from sword and shield casting (2).fbx: 31 source frames
00:36:50 | INFO: Starting glTF 2.0 export
00:36:50 | INFO: Extracting primitive: ShamanMesh
00:36:51 | WARNING: More than one shader node tex image used for a texture. The resulting glTF sampler will behave like the first shader node tex image.
00:36:51 | INFO: Primitives created: 1
00:36:52 | INFO: Finished glTF 2.0 export in 1.8176243305206299 s

[OK] shaman 2661852 bytes
00:36:53 | INFO: Data are loaded, start creating Blender stuff
00:36:53 | INFO: Blender create Mesh node KingMesh
00:36:53 | INFO: glTF import finished in 0.51s
FBX version: 7700
[G] grafted Attack2 from sword and shield attack (2).fbx: 39 source frames
FBX version: 7700
[G] grafted Attack3 from sword and shield attack (4).fbx: 30 source frames
FBX version: 7700
[G] grafted Cast from sword and shield casting (2).fbx: 31 source frames
00:36:55 | INFO: Starting glTF 2.0 export
00:36:55 | INFO: Extracting primitive: KingMesh
00:36:55 | WARNING: More than one shader node tex image used for a texture. The resulting glTF sampler will behave like the first shader node tex image.
00:36:55 | INFO: Primitives created: 1
00:36:56 | INFO: Finished glTF 2.0 export in 1.825855016708374 s

[OK] king 2649252 bytes
[POL] mira    Attack2   17.0 -> 17 frames, turn  -10.6, end ramp  -58.2
[POL] mira    Attack3   23.0 -> 23 frames, turn  -52.7, end ramp    0.0
[POL] mira    Cast      89.0 -> 18 frames, turn  -39.6, end ramp    0.0
[POL] mira    Dodge     70.0 -> 23 frames
[YAW] mira    Idle     frames=  76.0 yaw=[0.2, -0.1, -0.3, -0.2, -0.0, 0.3, 0.3, -0.2, -0.3, -0.3, 0.1, 0.4, 0.3]
[YAW] mira    Walk     frames=  33.0 yaw=[2.4, -0.6, -5.0, -6.5, -6.4, -5.4, -3.7, -0.4, 3.1, 6.7, 7.7, 6.1, 2.4]
[YAW] mira    Run      frames=  21.0 yaw=[-9.5, -10.5, -5.9, -3.7, 0.5, 6.3, 9.3, 11.3, 6.5, 2.3, 1.0, -0.9, -9.5]
[YAW] mira    Attack1  frames=  16.0 yaw=[0.0, 8.1, 42.7, 58.1, 61.3, 42.4, 27.6, 14.7, 0.0, 0.6, 2.1, 5.1, 6.7]
[YAW] mira    Attack2  frames=  17.0 yaw=[0.0, -32.2, -111.1, -135.8, 129.6, 80.8, 61.9, 30.7, 5.1, -23.1, -12.4, -3.4, -0.0]
[YAW] mira    Attack3  frames=  23.0 yaw=[-0.0, -8.0, -7.9, 4.1, 35.1, 55.0, 43.0, 31.6, 7.7, -5.8, -5.3, -2.7, -0.0]
[YAW] mira    Dodge    frames=  23.0 yaw=[0.0, 10.4, 25.6, 36.0, 41.7, 60.9, 103.8, 69.3, -8.3, -9.3, -13.2, -4.9, -0.8]
[YAW] mira    Block    frames=  40.0 yaw=[0.0, -0.0, -0.0, 0.1, 0.2, 0.2, 0.1, 0.1, -0.1, -0.2, -0.2, -0.1, -0.0]
[YAW] mira    Hit      frames=  23.0 yaw=[-5.1, -2.2, 2.1, 6.3, 5.4, 3.5, 1.5, 0.8, -0.5, -1.9, -3.2, -4.5, -4.5]
[YAW] mira    Death    frames=  69.0 yaw=[0.0, 18.9, 15.4, 13.9, 13.3, 11.0, 8.5, 10.9, 35.8, 55.1, 59.9, 61.9, 59.3]
[YAW] mira    Cast     frames=  18.0 yaw=[0.0, 8.3, 13.0, 15.2, 15.4, 15.5, 15.5, 15.5, 15.1, 11.8, 9.1, 6.3, 0.0]
[POL] eren    Attack2   17.0 -> 17 frames, turn   -9.9, end ramp  -58.3
[POL] eren    Attack3   23.0 -> 23 frames, turn  -52.2, end ramp    0.0
[POL] eren    Cast      89.0 -> 18 frames, turn  -39.0, end ramp   -0.0
[POL] eren    Dodge     70.0 -> 23 frames
[YAW] eren    Idle     frames=  76.0 yaw=[0.2, -0.1, -0.3, -0.2, -0.0, 0.3, 0.3, -0.2, -0.3, -0.2, 0.1, 0.4, 0.3]
[YAW] eren    Walk     frames=  33.0 yaw=[2.5, -0.6, -5.0, -6.5, -6.7, -5.5, -3.6, -0.2, 3.2, 6.5, 7.2, 6.3, 2.5]
[YAW] eren    Run      frames=  21.0 yaw=[-9.5, -10.4, -6.0, -3.8, 0.1, 5.8, 9.0, 11.3, 6.5, 2.4, 1.5, -0.4, -9.5]
[YAW] eren    Attack1  frames=  16.0 yaw=[0.0, 12.0, 33.0, 41.0, 47.3, 55.0, 56.7, 56.9, 55.6, 54.9, 54.3, 51.6, 47.4]
[YAW] eren    Attack2  frames=  17.0 yaw=[-0.0, -32.3, -110.9, -135.8, 129.6, 80.8, 62.0, 30.7, 4.9, -23.2, -12.4, -3.4, -0.0]
[YAW] eren    Attack3  frames=  23.0 yaw=[0.0, -7.9, -7.9, 4.1, 35.2, 55.1, 43.9, 31.7, 7.6, -5.8, -6.1, -3.1, -0.0]
[YAW] eren    Dodge    frames=  23.0 yaw=[-0.0, 10.4, 25.5, 35.5, 40.8, 60.4, 102.8, 69.2, -8.4, -9.2, -13.1, -4.9, -0.8]
[YAW] eren    Block    frames=  42.0 yaw=[0.0, -0.0, -0.0, 0.1, 0.2, 0.2, 0.1, 0.1, -0.2, -0.3, -0.1, -0.1, 0.0]
[YAW] eren    Hit      frames=  21.0 yaw=[-5.7, -2.8, 1.4, 3.8, 6.0, 3.7, 2.8, 0.8, -0.2, -1.2, -2.8, -3.6, -5.1]
[YAW] eren    Death    frames=  69.0 yaw=[-0.0, 18.9, 15.4, 13.9, 13.3, 11.1, 8.6, 11.3, 37.3, 55.1, 60.0, 62.0, 59.4]
[YAW] eren    Cast     frames=  18.0 yaw=[-0.0, 8.3, 13.0, 15.3, 15.5, 15.5, 15.5, 15.5, 15.2, 11.9, 9.1, 6.3, -0.0]
[POL] goblin  Attack2   17.0 -> 17 frames, turn   -9.9, end ramp  -58.3
[POL] goblin  Attack3   23.0 -> 23 frames, turn  -52.2, end ramp    0.0
[POL] goblin  Cast      89.0 -> 18 frames, turn  -39.0, end ramp    0.0
[POL] goblin  Dodge     70.0 -> 23 frames
[YAW] goblin  Idle     frames=  76.0 yaw=[0.2, -0.1, -0.3, -0.2, -0.0, 0.3, 0.3, -0.2, -0.3, -0.2, 0.1, 0.4, 0.3]
[YAW] goblin  Walk     frames=  33.0 yaw=[2.5, -0.6, -5.0, -6.5, -6.7, -5.5, -3.6, -0.2, 3.2, 6.5, 7.2, 6.3, 2.5]
[YAW] goblin  Run      frames=  21.0 yaw=[-9.5, -10.4, -6.0, -3.8, 0.0, 5.7, 9.0, 11.3, 6.6, 2.4, 1.5, -0.4, -9.5]
[YAW] goblin  Attack1  frames=  16.0 yaw=[0.0, 12.0, 33.0, 41.0, 47.3, 55.0, 56.7, 57.0, 55.7, 55.1, 54.6, 51.9, 47.7]
[YAW] goblin  Attack2  frames=  17.0 yaw=[0.0, -32.3, -110.9, -135.8, 129.6, 80.8, 62.0, 30.7, 4.9, -23.2, -12.4, -3.4, -0.0]
[YAW] goblin  Attack3  frames=  23.0 yaw=[-0.0, -7.9, -7.9, 4.1, 35.2, 55.1, 43.9, 31.7, 7.6, -5.8, -6.1, -3.1, -0.0]
[YAW] goblin  Dodge    frames=  23.0 yaw=[0.0, 10.4, 25.9, 36.5, 43.1, 64.3, 105.5, 71.0, -8.7, -9.2, -13.1, -4.9, -0.8]
[YAW] goblin  Block    frames=  42.0 yaw=[0.0, -0.0, -0.0, 0.1, 0.2, 0.2, 0.1, 0.1, -0.2, -0.3, -0.1, -0.1, 0.0]
[YAW] goblin  Hit      frames=  21.0 yaw=[-5.7, -2.8, 1.4, 3.8, 6.0, 3.7, 2.8, 0.8, -0.2, -1.2, -2.8, -3.6, -5.1]
[YAW] goblin  Death    frames=  69.0 yaw=[-0.0, 19.0, 15.5, 13.9, 13.3, 11.1, 8.6, 11.2, 38.1, 57.2, 62.2, 64.2, 61.5]
[YAW] goblin  Cast     frames=  18.0 yaw=[-0.0, 8.3, 13.0, 15.3, 15.5, 15.5, 15.5, 15.5, 15.2, 11.9, 9.1, 6.3, -0.0]
[POL] orc     Attack2   17.0 -> 17 frames, turn   -9.9, end ramp  -58.3
[POL] orc     Attack3   23.0 -> 23 frames, turn  -52.2, end ramp    0.0
[POL] orc     Cast      89.0 -> 18 frames, turn  -39.0, end ramp    0.0
[POL] orc     Dodge     70.0 -> 23 frames
[YAW] orc     Idle     frames=  76.0 yaw=[0.2, -0.1, -0.3, -0.2, -0.0, 0.3, 0.3, -0.2, -0.3, -0.2, 0.1, 0.4, 0.3]
[YAW] orc     Walk     frames=  33.0 yaw=[2.5, -0.6, -5.0, -6.5, -6.7, -5.5, -3.6, -0.2, 3.2, 6.5, 7.2, 6.3, 2.5]
[YAW] orc     Run      frames=  21.0 yaw=[-9.5, -10.4, -6.0, -3.8, 0.1, 5.8, 9.0, 11.3, 6.5, 2.4, 1.5, -0.4, -9.5]
[YAW] orc     Attack1  frames=  16.0 yaw=[0.0, 12.0, 33.0, 41.0, 47.3, 55.0, 56.7, 56.9, 55.6, 54.9, 54.3, 51.6, 47.4]
[YAW] orc     Attack2  frames=  17.0 yaw=[-0.0, -32.3, -110.9, -135.8, 129.6, 80.8, 62.0, 30.7, 4.9, -23.2, -12.4, -3.4, -0.0]
[YAW] orc     Attack3  frames=  23.0 yaw=[-0.0, -7.9, -7.9, 4.1, 35.2, 55.1, 43.9, 31.7, 7.6, -5.8, -6.1, -3.1, -0.0]
[YAW] orc     Dodge    frames=  23.0 yaw=[-0.0, 10.4, 25.5, 35.5, 40.8, 60.4, 102.8, 69.2, -8.4, -9.2, -13.1, -4.9, -0.8]
[YAW] orc     Block    frames=  42.0 yaw=[0.0, -0.0, -0.0, 0.1, 0.2, 0.2, 0.1, 0.1, -0.2, -0.3, -0.1, -0.1, 0.0]
[YAW] orc     Hit      frames=  21.0 yaw=[-5.7, -2.8, 1.4, 3.8, 6.0, 3.7, 2.8, 0.8, -0.2, -1.2, -2.8, -3.6, -5.1]
[YAW] orc     Death    frames=  69.0 yaw=[0.0, 18.9, 15.4, 13.9, 13.3, 11.1, 8.6, 11.3, 37.3, 55.1, 60.0, 62.0, 59.4]
[YAW] orc     Cast     frames=  18.0 yaw=[0.0, 8.3, 13.0, 15.3, 15.5, 15.5, 15.5, 15.5, 15.2, 11.9, 9.1, 6.3, 0.0]
[POL] warden  Attack2   17.0 -> 17 frames, turn   -9.9, end ramp  -58.3
[POL] warden  Attack3   23.0 -> 23 frames, turn  -52.2, end ramp    0.0
[POL] warden  Cast      89.0 -> 18 frames, turn  -39.0, end ramp    0.0
[POL] warden  Dodge     70.0 -> 23 frames
[YAW] warden  Idle     frames=  76.0 yaw=[0.2, -0.1, -0.3, -0.2, -0.0, 0.3, 0.3, -0.2, -0.3, -0.2, 0.1, 0.4, 0.3]
[YAW] warden  Walk     frames=  33.0 yaw=[2.5, -0.6, -5.0, -6.5, -6.7, -5.5, -3.6, -0.2, 3.2, 6.5, 7.2, 6.3, 2.5]
[YAW] warden  Run      frames=  21.0 yaw=[-9.5, -10.4, -6.0, -3.8, 0.1, 5.8, 9.0, 11.3, 6.5, 2.4, 1.5, -0.4, -9.5]
[YAW] warden  Attack1  frames=  16.0 yaw=[0.0, 12.0, 33.0, 41.0, 47.3, 55.0, 56.7, 56.9, 55.6, 54.9, 54.3, 51.6, 47.4]
[YAW] warden  Attack2  frames=  17.0 yaw=[-0.0, -32.3, -110.9, -135.8, 129.6, 80.8, 62.0, 30.7, 4.9, -23.2, -12.4, -3.4, -0.0]
[YAW] warden  Attack3  frames=  23.0 yaw=[-0.0, -7.9, -7.9, 4.1, 35.2, 55.1, 43.9, 31.7, 7.6, -5.8, -6.1, -3.1, -0.0]
[YAW] warden  Dodge    frames=  23.0 yaw=[-0.0, 10.4, 25.5, 35.5, 40.8, 60.4, 102.8, 69.2, -8.4, -9.2, -13.1, -4.9, -0.8]
[YAW] warden  Block    frames=  42.0 yaw=[0.0, -0.0, -0.0, 0.1, 0.2, 0.2, 0.1, 0.1, -0.2, -0.3, -0.1, -0.1, 0.0]
[YAW] warden  Hit      frames=  21.0 yaw=[-5.7, -2.8, 1.4, 3.8, 6.0, 3.7, 2.8, 0.8, -0.2, -1.2, -2.8, -3.6, -5.1]
[YAW] warden  Death    frames=  69.0 yaw=[0.0, 18.9, 15.4, 13.9, 13.3, 11.1, 8.6, 11.3, 37.3, 55.1, 60.0, 62.0, 59.4]
[YAW] warden  Cast     frames=  18.0 yaw=[0.0, 8.3, 13.0, 15.3, 15.5, 15.5, 15.5, 15.5, 15.2, 11.9, 9.1, 6.3, 0.0]
[POL] shaman  Attack2   17.0 -> 17 frames, turn   -9.9, end ramp  -58.3
[POL] shaman  Attack3   23.0 -> 23 frames, turn  -52.2, end ramp    0.0
[POL] shaman  Cast      89.0 -> 18 frames, turn  -39.0, end ramp    0.0
[POL] shaman  Dodge     70.0 -> 23 frames
[YAW] shaman  Idle     frames=  76.0 yaw=[0.2, -0.1, -0.3, -0.2, -0.0, 0.3, 0.3, -0.2, -0.3, -0.2, 0.1, 0.4, 0.3]
[YAW] shaman  Walk     frames=  33.0 yaw=[2.5, -0.6, -5.0, -6.5, -6.7, -5.5, -3.6, -0.2, 3.2, 6.5, 7.2, 6.3, 2.5]
[YAW] shaman  Run      frames=  21.0 yaw=[-9.5, -10.4, -6.0, -3.8, 0.1, 5.8, 9.0, 11.3, 6.5, 2.4, 1.5, -0.4, -9.5]
[YAW] shaman  Attack1  frames=  16.0 yaw=[0.0, 12.0, 33.0, 41.0, 47.3, 55.0, 56.7, 56.9, 55.6, 54.9, 54.3, 51.6, 47.4]
[YAW] shaman  Attack2  frames=  17.0 yaw=[-0.0, -32.3, -110.9, -135.8, 129.6, 80.8, 62.0, 30.7, 4.9, -23.2, -12.4, -3.4, -0.0]
[YAW] shaman  Attack3  frames=  23.0 yaw=[-0.0, -7.9, -7.9, 4.1, 35.2, 55.1, 43.9, 31.7, 7.6, -5.8, -6.1, -3.1, -0.0]
[YAW] shaman  Dodge    frames=  23.0 yaw=[-0.0, 10.4, 25.5, 35.5, 40.8, 60.4, 102.8, 69.2, -8.4, -9.2, -13.1, -4.9, -0.8]
[YAW] shaman  Block    frames=  42.0 yaw=[0.0, -0.0, -0.0, 0.1, 0.2, 0.2, 0.1, 0.1, -0.2, -0.3, -0.1, -0.1, 0.0]
[YAW] shaman  Hit      frames=  21.0 yaw=[-5.7, -2.8, 1.4, 3.8, 6.0, 3.7, 2.8, 0.8, -0.2, -1.2, -2.8, -3.6, -5.1]
[YAW] shaman  Death    frames=  69.0 yaw=[0.0, 18.9, 15.4, 13.9, 13.3, 11.1, 8.6, 11.3, 37.3, 55.1, 60.0, 62.0, 59.4]
[YAW] shaman  Cast     frames=  18.0 yaw=[0.0, 8.3, 13.0, 15.3, 15.5, 15.5, 15.5, 15.5, 15.2, 11.9, 9.1, 6.3, 0.0]
[POL] king    Attack2   17.0 -> 17 frames, turn   -9.9, end ramp  -58.3
[POL] king    Attack3   23.0 -> 23 frames, turn  -52.2, end ramp    0.0
[POL] king    Cast      89.0 -> 18 frames, turn  -39.0, end ramp    0.0
[POL] king    Dodge     70.0 -> 23 frames
[YAW] king    Idle     frames=  76.0 yaw=[0.2, -0.1, -0.3, -0.2, -0.0, 0.3, 0.3, -0.2, -0.3, -0.2, 0.1, 0.4, 0.3]
[YAW] king    Walk     frames=  33.0 yaw=[2.5, -0.6, -5.0, -6.5, -6.7, -5.5, -3.6, -0.2, 3.2, 6.5, 7.2, 6.3, 2.5]
[YAW] king    Run      frames=  21.0 yaw=[-9.5, -10.4, -6.0, -3.8, 0.1, 5.8, 9.0, 11.3, 6.5, 2.4, 1.5, -0.4, -9.5]
[YAW] king    Attack1  frames=  16.0 yaw=[0.0, 12.0, 33.0, 41.0, 47.3, 55.0, 56.7, 56.9, 55.6, 54.9, 54.3, 51.6, 47.4]
[YAW] king    Attack2  frames=  17.0 yaw=[-0.0, -32.3, -110.9, -135.8, 129.6, 80.8, 62.0, 30.7, 4.9, -23.2, -12.4, -3.4, -0.0]
[YAW] king    Attack3  frames=  23.0 yaw=[-0.0, -7.9, -7.9, 4.1, 35.2, 55.1, 43.9, 31.7, 7.6, -5.8, -6.1, -3.1, -0.0]
[YAW] king    Dodge    frames=  23.0 yaw=[-0.0, 10.4, 25.5, 35.5, 40.8, 60.4, 102.8, 69.2, -8.4, -9.2, -13.1, -4.9, -0.8]
[YAW] king    Block    frames=  42.0 yaw=[0.0, -0.0, -0.0, 0.1, 0.2, 0.2, 0.1, 0.1, -0.2, -0.3, -0.1, -0.1, 0.0]
[YAW] king    Hit      frames=  21.0 yaw=[-5.7, -2.8, 1.4, 3.8, 6.0, 3.7, 2.8, 0.8, -0.2, -1.2, -2.8, -3.6, -5.1]
[YAW] king    Death    frames=  69.0 yaw=[0.0, 18.9, 15.4, 13.9, 13.3, 11.1, 8.6, 11.3, 37.3, 55.1, 60.0, 62.0, 59.4]
[YAW] king    Cast     frames=  18.0 yaw=[0.0, 8.3, 13.0, 15.3, 15.5, 15.5, 15.5, 15.5, 15.2, 11.9, 9.1, 6.3, 0.0]
Blender 5.2.1 LTS (hash 9e2066aef7ef built 2026-08-25 02:38:20)

Blender quit
