== hero Dodge length=0.767
   t     hipsH  headH  handRH handLH  vR   vL   hipsDrift
  0.000  1.163  1.711  1.512  1.512    0.0   0.0  0.000
  0.033  1.131  1.676  1.354  1.349    5.9   5.1  0.007
  0.067  1.080  1.613  1.230  1.232    5.0   4.0  0.017
  0.100  1.048  1.518  1.152  1.086    3.9   4.4  0.021
  0.133  0.988  1.367  0.928  0.863    8.1   7.0  0.021
  0.167  0.898  1.209  0.728  0.726   11.1   6.7  0.021
  0.200  0.903  1.123  0.727  0.737    7.8   5.8  0.021
  0.233  0.963  1.067  0.671  0.664    1.8   3.9  0.021
  0.267  0.997  0.900  0.504  0.492    6.9   8.3  0.021
  0.300  0.904  0.586  0.427  0.322    9.8  12.5  0.021
  0.333  0.718  0.349  0.420  0.254    6.5  10.1  0.021
  0.367  0.416  0.129  0.361  0.211    2.2   6.8  0.021
  0.400  0.201  0.133  0.420  0.435    5.5   7.2  0.021
  0.433  0.265  0.457  0.349  0.626    6.7  15.2  0.021
  0.467  0.292  0.648  0.246  0.621    3.3  10.3  0.021
  0.500  0.424  0.859  0.344  0.670    5.1   5.3  0.021
  0.533  0.603  1.064  0.570  0.768    8.1   4.3  0.021
  0.567  0.770  1.254  0.774  0.898    6.7   6.2  0.021
  0.600  0.927  1.425  0.928  1.005    5.2   4.5  0.021
  0.633  1.046  1.557  1.036  1.081    3.8   2.9  0.021
  0.667  1.098  1.619  1.101  1.114    2.2   1.6  0.021
  0.700  1.104  1.628  1.125  1.101    0.9   1.0  0.021
  0.733  1.095  1.619  1.111  1.092    1.3   0.4  0.021
  0.767  1.091  1.613  1.102  1.091    0.8   0.4  0.021
== hero Cast length=0.600
   t     hipsH  headH  handRH handLH  vR   vL   hipsDrift
  0.000  1.163  1.711  1.512  1.512    0.0   0.0  0.000
  0.033  1.113  1.657  1.340  1.387    5.6   8.3  0.025
  0.067  1.052  1.575  1.232  1.197    5.1   8.8  0.040
  0.100  1.027  1.541  1.206  1.225    3.7   3.1  0.038
  0.133  1.031  1.553  1.194  1.364    1.9   4.7  0.051
  0.167  1.018  1.545  1.160  1.402    1.4   1.6  0.076
  0.200  1.008  1.535  1.139  1.401    0.8   0.3  0.088
  0.233  1.007  1.534  1.135  1.398    0.1   0.1  0.088
  0.267  1.007  1.532  1.130  1.395    0.1   0.1  0.089
  0.300  1.007  1.531  1.126  1.392    0.1   0.1  0.089
  0.333  1.007  1.531  1.122  1.390    0.1   0.1  0.089
  0.367  1.008  1.532  1.119  1.388    0.1   0.1  0.088
  0.400  1.010  1.533  1.116  1.412    0.3   1.0  0.085
  0.433  1.013  1.538  1.122  1.435    1.1   0.7  0.077
  0.467  1.017  1.547  1.141  1.408    1.8   1.2  0.063
  0.500  1.019  1.554  1.157  1.327    1.5   3.5  0.048
  0.533  1.017  1.553  1.157  1.265    1.1   4.0  0.039
  0.567  1.007  1.541  1.145  1.221    1.1   2.3  0.032
  0.600  0.993  1.521  1.125  1.174    1.0   1.8  0.027
== hero Hit length=0.700
   t     hipsH  headH  handRH handLH  vR   vL   hipsDrift
  0.000  1.163  1.711  1.512  1.512    0.0   0.0  0.000
  0.033  1.068  1.610  1.293  1.389    6.7   7.7  0.010
  0.067  0.943  1.465  1.029  1.189    8.5  10.7  0.023
  0.100  0.886  1.399  0.901  1.116    4.4   5.0  0.030
  0.133  0.893  1.409  0.889  1.124    0.6   1.6  0.030
  0.167  0.900  1.415  0.881  1.183    0.6   2.5  0.030
  0.200  0.907  1.422  0.876  1.253    0.5   2.2  0.030
  0.233  0.913  1.428  0.874  1.298    0.2   1.4  0.030
  0.267  0.918  1.431  0.875  1.321    0.1   0.9  0.030
  0.300  0.918  1.431  0.877  1.338    0.2   1.0  0.030
  0.333  0.917  1.428  0.880  1.339    0.3   0.8  0.030
  0.367  0.913  1.423  0.894  1.323    0.7   1.1  0.030
  0.400  0.909  1.417  0.908  1.306    0.7   1.1  0.030
  0.433  0.904  1.411  0.921  1.287    0.6   0.9  0.030
  0.467  0.899  1.404  0.935  1.267    0.6   0.9  0.030
  0.500  0.893  1.397  0.948  1.248    0.6   0.9  0.030
  0.533  0.888  1.388  0.963  1.228    0.6   0.9  0.030
  0.567  0.886  1.385  0.964  1.222    0.1   0.3  0.030
  0.600  0.884  1.381  0.966  1.217    0.1   0.3  0.030
  0.633  0.881  1.378  0.968  1.212    0.1   0.3  0.030
  0.667  0.879  1.374  0.970  1.206    0.2   0.3  0.030
  0.700  0.877  1.370  0.973  1.200    0.2   0.3  0.030
== hero Death length=2.300
   t     hipsH  headH  handRH handLH  vR   vL   hipsDrift
  0.000  1.163  1.711  1.512  1.512    0.0   0.0  0.000
  0.033  1.107  1.653  1.329  1.330    6.3   7.5  0.009
  0.067  1.028  1.563  1.152  1.212    7.6   7.0  0.021
  0.100  0.988  1.509  1.090  1.238    3.8   1.5  0.027
  0.133  0.996  1.511  1.124  1.249    1.4   1.5  0.027
  0.167  1.010  1.525  1.198  1.235    2.4   1.7  0.027
  0.200  1.022  1.543  1.298  1.201    3.1   1.4  0.027
  0.233  1.033  1.559  1.414  1.160    3.5   1.5  0.027
  0.267  1.042  1.570  1.523  1.118    3.5   1.7  0.027
  0.300  1.049  1.577  1.620  1.074    3.6   1.9  0.027
  0.333  1.055  1.581  1.690  1.038    3.2   2.0  0.027
  0.367  1.061  1.583  1.735  1.015    2.6   2.0  0.027
  0.400  1.065  1.583  1.762  1.005    2.0   1.8  0.027
  0.433  1.069  1.582  1.773  1.006    1.5   1.5  0.027
  0.467  1.073  1.582  1.774  1.017    1.2   0.6  0.027
  0.500  1.075  1.581  1.766  1.033    0.7   0.6  0.027
  0.533  1.077  1.583  1.754  1.051    0.6   1.0  0.027
  0.567  1.077  1.585  1.737  1.072    0.8   1.3  0.027
  0.600  1.076  1.588  1.722  1.087    0.9   0.9  0.027
  0.633  1.075  1.591  1.706  1.105    0.9   0.9  0.027
  0.667  1.074  1.594  1.689  1.123    0.9   0.9  0.027
  0.700  1.071  1.595  1.683  1.128    1.1   0.5  0.027
  0.733  1.069  1.596  1.675  1.133    1.1   0.5  0.027
  0.767  1.067  1.597  1.665  1.138    1.1   0.5  0.027
  0.800  1.064  1.596  1.653  1.143    1.1   0.5  0.027
  0.833  1.062  1.596  1.639  1.149    1.1   0.5  0.027
  0.867  1.060  1.595  1.625  1.154    1.1   0.5  0.027
  0.900  1.053  1.590  1.609  1.156    1.2   0.4  0.027
  0.933  1.047  1.584  1.593  1.159    1.2   0.4  0.027
  0.967  1.041  1.578  1.575  1.161    1.2   0.4  0.027
  1.000  1.035  1.572  1.557  1.163    1.2   0.4  0.027
  1.033  1.025  1.560  1.540  1.161    1.0   0.4  0.027
  1.067  1.014  1.549  1.524  1.160    1.0   0.4  0.027
  1.100  0.998  1.531  1.507  1.154    0.9   0.4  0.027
  1.133  0.976  1.508  1.486  1.144    0.9   0.4  0.027
  1.167  0.952  1.481  1.465  1.131    0.8   0.4  0.027
  1.200  0.926  1.452  1.441  1.117    0.8   0.5  0.027
  1.233  0.895  1.417  1.410  1.097    1.0   0.6  0.027
  1.267  0.864  1.382  1.380  1.078    1.0   0.6  0.027
  1.300  0.827  1.340  1.341  1.054    1.2   0.8  0.027
  1.333  0.780  1.284  1.285  1.019    1.7   1.1  0.027
  1.367  0.732  1.228  1.231  0.984    1.6   1.1  0.027
  1.400  0.684  1.171  1.176  0.950    1.6   1.1  0.027
  1.433  0.606  1.074  1.082  0.875    2.9   2.4  0.027
  1.467  0.528  0.976  0.987  0.797    2.9   2.5  0.027
  1.500  0.450  0.876  0.892  0.715    2.8   2.6  0.027
  1.533  0.375  0.764  0.783  0.639    3.6   2.6  0.027
  1.567  0.300  0.649  0.669  0.555    3.6   2.8  0.027
  1.600  0.248  0.530  0.522  0.481    5.3   2.7  0.027
  1.633  0.230  0.416  0.384  0.408    4.9   2.6  0.027
  1.667  0.223  0.314  0.297  0.357    2.7   2.1  0.027
  1.700  0.234  0.284  0.253  0.324    1.6   1.8  0.027
  1.733  0.246  0.253  0.204  0.282    1.6   1.9  0.027
  1.767  0.257  0.222  0.158  0.231    1.4   2.0  0.027
  1.800  0.266  0.237  0.139  0.208    0.6   1.0  0.027
  1.833  0.264  0.251  0.148  0.186    0.4   0.8  0.027
  1.867  0.261  0.265  0.159  0.164    0.5   0.8  0.027
  1.900  0.250  0.267  0.170  0.152    0.5   0.6  0.027
  1.933  0.237  0.263  0.177  0.156    0.4   0.4  0.027
  1.967  0.225  0.251  0.175  0.171    0.3   0.5  0.027
  2.000  0.216  0.236  0.168  0.186    0.3   0.5  0.027
  2.033  0.211  0.229  0.158  0.193    0.4   0.2  0.027
  2.067  0.210  0.227  0.145  0.192    0.5   0.4  0.027
  2.100  0.213  0.227  0.134  0.189    0.4   0.3  0.027
  2.133  0.216  0.227  0.125  0.188    0.4   0.1  0.027
  2.167  0.219  0.226  0.119  0.185    0.2   0.1  0.027
  2.200  0.217  0.223  0.121  0.178    0.1   0.3  0.027
  2.233  0.212  0.220  0.125  0.171    0.1   0.3  0.027
  2.267  0.209  0.217  0.126  0.169    0.1   0.3  0.027
  2.300  0.211  0.216  0.124  0.175    0.2   0.5  0.027
== hero Block length=1.400
   t     hipsH  headH  handRH handLH  vR   vL   hipsDrift
  0.000  1.163  1.711  1.512  1.512    0.0   0.0  0.000
  0.033  1.125  1.671  1.426  1.471    2.6   2.6  0.004
  0.067  1.059  1.599  1.284  1.392    4.4   4.9  0.012
  0.100  0.986  1.513  1.144  1.304    4.5   5.3  0.020
  0.133  0.928  1.438  1.045  1.244    3.4   3.6  0.027
  0.167  0.895  1.393  0.992  1.216    1.9   1.6  0.030
  0.200  0.881  1.375  0.972  1.205    0.7   0.5  0.032
  0.233  0.878  1.370  0.969  1.203    0.2   0.1  0.032
  0.267  0.878  1.370  0.969  1.202    0.0   0.0  0.032
  0.300  0.878  1.369  0.969  1.201    0.0   0.0  0.032
  0.333  0.877  1.369  0.969  1.200    0.0   0.0  0.032
  0.367  0.877  1.369  0.969  1.200    0.0   0.0  0.032
  0.400  0.877  1.369  0.969  1.199    0.0   0.0  0.032
  0.433  0.877  1.368  0.969  1.198    0.0   0.0  0.032
  0.467  0.876  1.368  0.969  1.198    0.0   0.0  0.032
  0.500  0.876  1.368  0.969  1.197    0.0   0.0  0.032
  0.533  0.876  1.368  0.969  1.197    0.0   0.0  0.032
  0.567  0.877  1.369  0.969  1.197    0.0   0.0  0.032
  0.600  0.877  1.369  0.969  1.197    0.0   0.0  0.032
  0.633  0.877  1.369  0.969  1.198    0.0   0.0  0.032
  0.667  0.878  1.370  0.969  1.200    0.0   0.0  0.032
  0.700  0.878  1.370  0.970  1.201    0.0   0.0  0.032
  0.733  0.878  1.371  0.970  1.202    0.0   0.1  0.032
  0.767  0.878  1.371  0.970  1.204    0.0   0.1  0.032
  0.800  0.878  1.371  0.970  1.205    0.0   0.1  0.032
  0.833  0.879  1.372  0.970  1.206    0.0   0.0  0.032
  0.867  0.879  1.372  0.970  1.207    0.0   0.0  0.032
  0.900  0.879  1.373  0.971  1.207    0.0   0.0  0.032
  0.933  0.879  1.373  0.971  1.208    0.0   0.0  0.032
  0.967  0.880  1.373  0.971  1.208    0.0   0.0  0.032
  1.000  0.880  1.374  0.971  1.209    0.0   0.0  0.032
  1.033  0.880  1.374  0.972  1.210    0.0   0.0  0.032
  1.067  0.880  1.374  0.972  1.209    0.0   0.0  0.032
  1.100  0.880  1.374  0.973  1.209    0.0   0.0  0.032
  1.133  0.880  1.374  0.973  1.209    0.0   0.0  0.032
  1.167  0.879  1.373  0.972  1.208    0.0   0.0  0.032
  1.200  0.879  1.372  0.972  1.207    0.0   0.0  0.032
  1.233  0.878  1.372  0.971  1.206    0.0   0.0  0.032
  1.267  0.877  1.371  0.970  1.205    0.0   0.0  0.032
  1.300  0.877  1.370  0.969  1.204    0.0   0.0  0.032
  1.333  0.876  1.369  0.968  1.203    0.0   0.0  0.032
  1.367  0.876  1.369  0.967  1.204    0.1   0.0  0.032
  1.400  0.876  1.369  0.966  1.204    0.1   0.0  0.032
== hero Walk length=1.100
   t     hipsH  headH  handRH handLH  vR   vL   hipsDrift
  0.000  1.163  1.711  1.512  1.512    0.0   0.0  0.000
  0.033  1.159  1.705  1.454  1.463    2.0   3.3  0.000
  0.067  1.152  1.693  1.361  1.380    3.3   5.5  0.000
  0.100  1.144  1.675  1.293  1.315    3.2   5.4  0.000
  0.133  1.135  1.654  1.269  1.286    2.1   3.6  0.001
  0.167  1.125  1.637  1.265  1.272    0.9   1.7  0.001
  0.200  1.113  1.623  1.259  1.258    0.3   0.8  0.001
  0.233  1.101  1.610  1.250  1.244    0.3   0.5  0.001
  0.267  1.092  1.602  1.242  1.239    0.4   0.3  0.001
  0.300  1.084  1.594  1.235  1.234    0.4   0.2  0.001
  0.333  1.081  1.590  1.234  1.234    0.4   0.1  0.001
  0.367  1.083  1.592  1.238  1.239    0.4   0.2  0.001
  0.400  1.085  1.594  1.242  1.244    0.4   0.2  0.001
  0.433  1.092  1.600  1.245  1.259    0.4   0.5  0.001
  0.467  1.100  1.606  1.249  1.273    0.4   0.5  0.001
  0.500  1.110  1.615  1.253  1.291    0.3   0.6  0.001
  0.533  1.120  1.623  1.258  1.308    0.3   0.6  0.001
  0.567  1.128  1.631  1.262  1.323    0.2   0.5  0.001
  0.600  1.131  1.633  1.264  1.330    0.1   0.2  0.001
  0.633  1.133  1.635  1.265  1.336    0.1   0.2  0.001
  0.667  1.129  1.631  1.263  1.334    0.1   0.1  0.001
  0.700  1.122  1.625  1.258  1.329    0.2   0.2  0.001
  0.733  1.111  1.614  1.251  1.320    0.3   0.3  0.001
  0.767  1.094  1.599  1.238  1.308    0.5   0.4  0.001
  0.800  1.077  1.583  1.224  1.296    0.4   0.4  0.001
  0.833  1.067  1.574  1.217  1.290    0.3   0.2  0.001
  0.867  1.065  1.572  1.218  1.291    0.3   0.2  0.001
  0.900  1.062  1.569  1.217  1.289    0.3   0.2  0.001
  0.933  1.070  1.576  1.223  1.292    0.4   0.2  0.001
  0.967  1.078  1.584  1.228  1.295    0.4   0.2  0.001
  1.000  1.086  1.590  1.234  1.298    0.4   0.2  0.001
  1.033  1.100  1.604  1.242  1.304    0.4   0.3  0.001
  1.067  1.113  1.617  1.249  1.309    0.4   0.3  0.001
  1.100  1.125  1.628  1.258  1.311    0.4   0.3  0.001
== hero Run length=0.700
   t     hipsH  headH  handRH handLH  vR   vL   hipsDrift
  0.000  1.163  1.711  1.512  1.512    0.0   0.0  0.000
  0.033  1.150  1.696  1.455  1.426    3.5   2.8  0.000
  0.067  1.131  1.660  1.343  1.297    6.0   4.4  0.000
  0.100  1.115  1.610  1.233  1.222    5.9   4.6  0.000
  0.133  1.108  1.566  1.168  1.208    3.8   3.6  0.000
  0.167  1.102  1.536  1.141  1.186    1.7   2.0  0.001
  0.200  1.089  1.513  1.130  1.125    0.6   2.6  0.001
  0.233  1.072  1.490  1.126  1.044    0.6   4.0  0.001
  0.267  1.059  1.475  1.124  0.988    0.7   4.4  0.001
  0.300  1.058  1.474  1.127  0.980    0.7   4.0  0.001
  0.333  1.071  1.489  1.137  1.015    0.9   3.5  0.001
  0.367  1.096  1.517  1.156  1.081    1.2   3.1  0.001
  0.400  1.122  1.546  1.177  1.153    1.2   2.7  0.001
  0.433  1.139  1.565  1.194  1.201    1.0   1.7  0.001
  0.467  1.142  1.571  1.201  1.209    0.6   0.4  0.001
  0.500  1.125  1.561  1.184  1.167    0.6   1.6  0.001
  0.533  1.109  1.550  1.168  1.127    0.5   1.7  0.001
  0.567  1.082  1.525  1.133  1.065    1.4   2.9  0.001
  0.600  1.055  1.493  1.093  1.011    1.6   3.0  0.001
  0.633  1.037  1.465  1.061  0.983    1.6   2.8  0.001
  0.667  1.034  1.449  1.046  0.989    1.3   2.9  0.001
  0.700  1.052  1.451  1.054  1.036    1.0   3.4  0.001
== hero Idle length=2.433
   t     hipsH  headH  handRH handLH  vR   vL   hipsDrift
  0.000  1.163  1.711  1.512  1.512    0.0   0.0  0.000
  0.033  1.141  1.688  1.437  1.444    2.5   3.1  0.005
  0.067  1.101  1.647  1.316  1.330    4.1   5.3  0.012
  0.100  1.059  1.599  1.211  1.231    4.1   5.2  0.019
  0.133  1.025  1.559  1.154  1.186    2.9   3.3  0.024
  0.167  1.005  1.534  1.130  1.173    1.5   1.4  0.026
  0.200  0.998  1.525  1.123  1.169    0.6   0.5  0.027
  0.233  0.997  1.523  1.120  1.168    0.1   0.1  0.027
  0.267  0.997  1.523  1.120  1.166    0.0   0.0  0.027
  0.300  0.998  1.523  1.119  1.165    0.0   0.0  0.027
  0.333  0.998  1.524  1.119  1.164    0.0   0.0  0.027
  0.367  0.999  1.525  1.119  1.164    0.0   0.0  0.027
  0.400  0.999  1.526  1.118  1.163    0.0   0.0  0.027
  0.433  1.000  1.527  1.118  1.162    0.0   0.0  0.027
  0.467  1.001  1.527  1.117  1.161    0.0   0.0  0.027
  0.500  1.001  1.528  1.117  1.162    0.0   0.0  0.027
  0.533  1.001  1.529  1.117  1.163    0.0   0.0  0.027
  0.567  1.001  1.529  1.117  1.164    0.0   0.0  0.026
  0.600  1.001  1.530  1.116  1.166    0.0   0.0  0.026
  0.633  1.001  1.530  1.116  1.167    0.0   0.0  0.026
  0.667  1.001  1.531  1.116  1.169    0.0   0.0  0.026
  0.700  1.001  1.531  1.115  1.170    0.0   0.0  0.026
  0.733  1.001  1.532  1.115  1.172    0.0   0.0  0.025
  0.767  1.001  1.532  1.115  1.173    0.0   0.0  0.025
  0.800  1.000  1.531  1.115  1.173    0.0   0.0  0.025
  0.833  1.000  1.531  1.115  1.174    0.0   0.0  0.024
  0.867  0.999  1.530  1.115  1.175    0.0   0.0  0.024
  0.900  0.999  1.530  1.115  1.175    0.0   0.0  0.024
  0.933  0.998  1.529  1.115  1.176    0.0   0.0  0.023
  0.967  0.998  1.528  1.115  1.176    0.0   0.0  0.023
  1.000  0.997  1.528  1.116  1.176    0.0   0.0  0.022
  1.033  0.997  1.527  1.117  1.176    0.0   0.0  0.022
  1.067  0.997  1.527  1.118  1.176    0.0   0.0  0.022
  1.100  0.996  1.526  1.119  1.176    0.0   0.0  0.022
  1.133  0.996  1.525  1.120  1.176    0.0   0.0  0.022
  1.167  0.996  1.525  1.120  1.175    0.0   0.0  0.022
  1.200  0.995  1.524  1.121  1.175    0.0   0.0  0.022
  1.233  0.996  1.524  1.121  1.175    0.0   0.0  0.022
  1.267  0.996  1.524  1.121  1.174    0.0   0.0  0.022
  1.300  0.996  1.523  1.122  1.174    0.0   0.0  0.023
  1.333  0.996  1.523  1.122  1.173    0.0   0.0  0.023
  1.367  0.996  1.523  1.123  1.173    0.0   0.0  0.023
  1.400  0.997  1.523  1.124  1.172    0.0   0.0  0.023
  1.433  0.997  1.523  1.125  1.172    0.0   0.0  0.024
  1.467  0.998  1.524  1.126  1.171    0.0   0.0  0.024
  1.500  0.999  1.524  1.127  1.170    0.0   0.0  0.025
  1.533  0.999  1.524  1.129  1.169    0.0   0.0  0.025
  1.567  0.999  1.525  1.128  1.169    0.0   0.0  0.025
  1.600  1.000  1.526  1.127  1.169    0.0   0.0  0.025
  1.633  1.000  1.526  1.126  1.169    0.0   0.0  0.025
  1.667  1.000  1.527  1.126  1.169    0.0   0.0  0.026
  1.700  1.001  1.527  1.125  1.168    0.0   0.0  0.026
  1.733  1.001  1.528  1.124  1.168    0.0   0.0  0.026
  1.767  1.001  1.528  1.123  1.168    0.0   0.0  0.026
  1.800  1.001  1.529  1.123  1.168    0.0   0.0  0.026
  1.833  1.002  1.529  1.122  1.167    0.0   0.0  0.026
  1.867  1.002  1.530  1.121  1.167    0.0   0.0  0.026
  1.900  1.002  1.530  1.121  1.167    0.0   0.0  0.026
  1.933  1.002  1.531  1.120  1.167    0.0   0.0  0.026
  1.967  1.003  1.531  1.119  1.166    0.0   0.0  0.026
  2.000  1.002  1.531  1.120  1.168    0.0   0.0  0.026
  2.033  1.002  1.531  1.121  1.169    0.0   0.0  0.025
  2.067  1.001  1.531  1.123  1.170    0.1   0.0  0.025
  2.100  1.000  1.531  1.124  1.171    0.1   0.0  0.025
  2.133  1.000  1.530  1.125  1.172    0.0   0.0  0.025
  2.167  0.999  1.530  1.126  1.173    0.0   0.0  0.025
  2.200  0.998  1.529  1.128  1.174    0.0   0.0  0.024
  2.233  0.997  1.528  1.128  1.174    0.0   0.0  0.024
  2.267  0.997  1.528  1.128  1.175    0.0   0.0  0.025
  2.300  0.996  1.527  1.128  1.175    0.0   0.0  0.025
  2.333  0.995  1.526  1.128  1.175    0.0   0.0  0.025
  2.367  0.995  1.525  1.128  1.175    0.0   0.0  0.025
  2.400  0.994  1.524  1.127  1.175    0.0   0.0  0.025
  2.433  0.994  1.524  1.127  1.175    0.0   0.0  0.025
