== hero Dodge length=2.333
   t     hipsH  headH  handRH handLH  vR   vL
  0.000  1.163  1.711  1.512  1.512    0.0   0.0
  0.033  1.157  1.704  1.471  1.464    1.5   1.5
  0.067  1.143  1.689  1.395  1.383    2.8   2.5
  0.100  1.124  1.668  1.307  1.298    3.3   2.8
  0.133  1.103  1.643  1.235  1.235    2.8   2.2
  0.167  1.083  1.619  1.195  1.201    1.7   1.3
  0.200  1.069  1.599  1.185  1.188    0.5   0.4
  0.233  1.062  1.582  1.192  1.180    0.2   0.3
  0.267  1.059  1.563  1.193  1.158    0.5   0.7
  0.300  1.053  1.534  1.167  1.111    1.3   1.5
  0.333  1.036  1.488  1.108  1.039    2.3   2.2
  0.367  1.013  1.432  1.026  0.954    2.9   2.6
  0.400  0.993  1.377  0.942  0.874    3.1   2.6
  0.433  0.967  1.321  0.858  0.807    3.5   2.4
  0.467  0.935  1.267  0.783  0.756    3.8   2.3
  0.500  0.903  1.219  0.734  0.729    3.9   2.1
  0.533  0.879  1.175  0.710  0.717    3.6   2.1
  0.567  0.878  1.146  0.712  0.722    3.0   2.1
  0.600  0.897  1.126  0.726  0.736    2.0   1.9
  0.633  0.922  1.112  0.729  0.738    0.7   1.2
  0.667  0.946  1.103  0.716  0.708    0.6   1.5
  0.700  0.957  1.077  0.685  0.678    1.0   1.4
  0.733  0.974  1.044  0.640  0.635    1.5   1.8
  0.767  0.994  0.998  0.586  0.581    2.1   2.6
  0.800  1.001  0.932  0.527  0.521    2.6   3.1
  0.833  0.989  0.843  0.467  0.449    3.3   4.2
  0.867  0.961  0.732  0.437  0.380    3.5   4.4
  0.900  0.922  0.624  0.433  0.335    3.2   3.9
  0.933  0.875  0.531  0.421  0.311    2.8   3.6
  0.967  0.819  0.450  0.412  0.289    2.7   3.4
  1.000  0.752  0.380  0.420  0.267    1.7   3.2
  1.033  0.673  0.315  0.421  0.243    0.9   3.3
  1.067  0.579  0.240  0.402  0.224    0.7   2.9
  1.100  0.468  0.163  0.376  0.212    0.8   1.2
  1.133  0.360  0.104  0.347  0.215    0.9   1.8
  1.167  0.273  0.081  0.358  0.277    1.1   2.6
  1.200  0.213  0.093  0.407  0.379    3.0   3.1
  1.233  0.189  0.170  0.413  0.476    3.4   3.9
  1.267  0.206  0.265  0.388  0.560    2.6   5.5
  1.300  0.257  0.402  0.372  0.617    2.1   5.7
  1.333  0.271  0.497  0.329  0.625    1.6   4.0
  1.367  0.263  0.552  0.277  0.620    1.6   3.5
  1.400  0.272  0.608  0.247  0.617    1.2   3.6
  1.433  0.305  0.671  0.247  0.619    1.4   3.3
  1.467  0.343  0.735  0.265  0.631    1.4   2.5
  1.500  0.389  0.811  0.308  0.654    1.9   1.4
  1.533  0.443  0.884  0.367  0.678    2.5   0.9
  1.567  0.501  0.948  0.433  0.703    2.7   1.0
  1.600  0.562  1.015  0.513  0.740    2.8   1.7
  1.633  0.621  1.085  0.595  0.779    2.7   2.1
  1.667  0.674  1.148  0.668  0.821    2.4   2.1
  1.700  0.729  1.209  0.733  0.865    2.1   2.1
  1.733  0.785  1.270  0.789  0.909    1.9   2.0
  1.767  0.840  1.330  0.842  0.950    1.8   1.8
  1.800  0.892  1.386  0.892  0.984    1.7   1.5
  1.833  0.937  1.435  0.938  1.011    1.6   1.1
  1.867  0.979  1.480  0.977  1.036    1.3   1.0
  1.900  1.018  1.524  1.011  1.062    1.2   1.0
  1.933  1.052  1.564  1.042  1.085    1.1   0.8
  1.967  1.076  1.593  1.067  1.102    0.9   0.7
  2.000  1.091  1.611  1.087  1.112    0.7   0.5
  2.033  1.099  1.621  1.103  1.115    0.5   0.4
  2.067  1.105  1.627  1.116  1.112    0.4   0.4
  2.100  1.106  1.629  1.124  1.106    0.3   0.4
  2.133  1.104  1.628  1.126  1.100    0.3   0.3
  2.167  1.101  1.625  1.122  1.097    0.4   0.2
  2.200  1.099  1.622  1.117  1.094    0.5   0.1
  2.233  1.095  1.618  1.111  1.092    0.5   0.1
  2.267  1.093  1.615  1.105  1.091    0.4   0.1
  2.300  1.092  1.614  1.102  1.091    0.2   0.1
  2.333  1.091  1.613  1.102  1.091    0.2   0.2
== hero Death length=2.300
   t     hipsH  headH  handRH handLH  vR   vL
  0.000  1.163  1.711  1.512  1.512    0.0   0.0
  0.033  1.149  1.697  1.465  1.465    1.6   1.9
  0.067  1.122  1.669  1.386  1.375    2.9   3.4
  0.100  1.089  1.631  1.302  1.286    3.5   3.6
  0.133  1.058  1.593  1.239  1.242    3.4   2.4
  0.167  1.038  1.566  1.223  1.230    2.8   1.6
  0.200  1.030  1.556  1.263  1.214    2.5   1.6
  0.233  1.032  1.559  1.354  1.183    3.0   1.7
  0.267  1.039  1.567  1.469  1.139    3.5   1.8
  0.300  1.046  1.575  1.584  1.090    3.9   2.1
  0.333  1.054  1.580  1.674  1.046    3.8   2.3
  0.367  1.060  1.582  1.731  1.017    3.1   2.2
  0.400  1.065  1.583  1.762  1.005    2.2   2.0
  0.433  1.069  1.582  1.773  1.006    1.5   1.5
  0.467  1.073  1.582  1.774  1.017    1.2   0.6
  0.500  1.075  1.581  1.766  1.033    0.7   0.6
  0.533  1.077  1.583  1.754  1.051    0.6   1.0
  0.567  1.077  1.585  1.737  1.072    0.8   1.3
  0.600  1.076  1.588  1.722  1.087    0.9   0.9
  0.633  1.075  1.591  1.706  1.105    0.9   0.9
  0.667  1.074  1.594  1.689  1.123    0.9   0.9
  0.700  1.071  1.595  1.683  1.128    1.1   0.5
  0.733  1.069  1.596  1.675  1.133    1.1   0.5
  0.767  1.067  1.597  1.665  1.138    1.1   0.5
  0.800  1.064  1.596  1.653  1.143    1.1   0.5
  0.833  1.062  1.596  1.639  1.149    1.1   0.5
  0.867  1.060  1.595  1.625  1.154    1.1   0.5
  0.900  1.053  1.590  1.609  1.156    1.2   0.4
  0.933  1.047  1.584  1.593  1.159    1.2   0.4
  0.967  1.041  1.578  1.575  1.161    1.2   0.4
  1.000  1.035  1.572  1.557  1.163    1.2   0.4
  1.033  1.025  1.560  1.540  1.161    1.0   0.4
  1.067  1.014  1.549  1.524  1.160    1.0   0.4
  1.100  0.998  1.531  1.507  1.154    0.9   0.4
  1.133  0.976  1.508  1.486  1.144    0.9   0.4
  1.167  0.952  1.481  1.465  1.131    0.8   0.4
  1.200  0.926  1.452  1.441  1.117    0.8   0.5
  1.233  0.895  1.417  1.410  1.097    1.0   0.6
  1.267  0.864  1.382  1.380  1.078    1.0   0.6
  1.300  0.827  1.340  1.341  1.054    1.2   0.8
  1.333  0.780  1.284  1.285  1.019    1.7   1.1
  1.367  0.732  1.228  1.231  0.984    1.6   1.1
  1.400  0.684  1.171  1.176  0.950    1.6   1.1
  1.433  0.606  1.074  1.082  0.875    2.9   2.4
  1.467  0.528  0.976  0.987  0.797    2.9   2.5
  1.500  0.450  0.876  0.892  0.715    2.8   2.6
  1.533  0.375  0.764  0.783  0.639    3.6   2.6
  1.567  0.300  0.649  0.669  0.555    3.6   2.8
  1.600  0.248  0.530  0.522  0.481    5.3   2.7
  1.633  0.230  0.416  0.384  0.408    4.9   2.6
  1.667  0.223  0.314  0.297  0.357    2.7   2.1
  1.700  0.234  0.284  0.253  0.324    1.6   1.8
  1.733  0.246  0.253  0.204  0.282    1.6   1.9
  1.767  0.257  0.222  0.158  0.231    1.4   2.0
  1.800  0.266  0.237  0.139  0.208    0.6   1.0
  1.833  0.264  0.251  0.148  0.186    0.4   0.8
  1.867  0.261  0.265  0.159  0.164    0.5   0.8
  1.900  0.250  0.267  0.170  0.152    0.5   0.6
  1.933  0.237  0.263  0.177  0.156    0.4   0.4
  1.967  0.225  0.251  0.175  0.171    0.3   0.5
  2.000  0.216  0.236  0.168  0.186    0.3   0.5
  2.033  0.211  0.229  0.158  0.193    0.4   0.2
  2.067  0.210  0.227  0.145  0.192    0.5   0.4
  2.100  0.213  0.227  0.134  0.189    0.4   0.3
  2.133  0.216  0.227  0.125  0.188    0.4   0.1
  2.167  0.219  0.226  0.119  0.185    0.2   0.1
  2.200  0.217  0.223  0.121  0.178    0.1   0.3
  2.233  0.212  0.220  0.125  0.171    0.1   0.3
  2.267  0.209  0.217  0.126  0.169    0.1   0.3
  2.300  0.211  0.216  0.124  0.175    0.2   0.5
== hero Cast length=2.967
   t     hipsH  headH  handRH handLH  vR   vL
  0.000  1.163  1.711  1.512  1.512    0.0   0.0
  0.033  1.149  1.697  1.462  1.471    1.6   1.8
  0.067  1.124  1.670  1.370  1.401    3.0   3.3
  0.100  1.091  1.636  1.262  1.329    3.7   3.9
  0.133  1.058  1.600  1.168  1.281    3.7   3.4
  0.167  1.033  1.572  1.109  1.265    3.2   2.3
  0.200  1.020  1.558  1.092  1.272    2.7   1.5
  0.233  1.018  1.555  1.113  1.285    2.8   1.8
  0.267  1.020  1.556  1.172  1.287    3.2   2.1
  0.300  1.023  1.556  1.310  1.259    5.2   2.6
  0.333  1.025  1.556  1.485  1.208    5.7   3.8
  0.367  1.025  1.556  1.626  1.159    4.3   3.9
  0.400  1.025  1.554  1.684  1.140    1.9   2.7
  0.433  1.024  1.552  1.708  1.135    0.8   1.5
  0.467  1.023  1.550  1.723  1.125    0.6   1.0
  0.500  1.023  1.550  1.731  1.120    0.3   0.3
  0.533  1.023  1.550  1.739  1.115    0.3   0.3
  0.567  1.023  1.550  1.746  1.110    0.3   0.3
  0.600  1.023  1.551  1.748  1.111    0.2   0.1
  0.633  1.023  1.551  1.749  1.112    0.2   0.1
  0.667  1.023  1.552  1.750  1.112    0.2   0.1
  0.700  1.023  1.552  1.752  1.113    0.2   0.1
  0.733  1.023  1.553  1.753  1.114    0.2   0.1
  0.767  1.024  1.554  1.753  1.114    0.2   0.1
  0.800  1.024  1.555  1.754  1.114    0.2   0.1
  0.833  1.024  1.556  1.754  1.113    0.2   0.1
  0.867  1.024  1.556  1.754  1.113    0.2   0.1
  0.900  1.025  1.557  1.755  1.113    0.2   0.1
  0.933  1.026  1.559  1.757  1.114    0.2   0.1
  0.967  1.027  1.560  1.759  1.115    0.2   0.1
  1.000  1.027  1.561  1.761  1.116    0.2   0.1
  1.033  1.028  1.563  1.764  1.116    0.2   0.1
  1.067  1.029  1.564  1.767  1.117    0.2   0.1
  1.100  1.030  1.565  1.770  1.117    0.2   0.1
  1.133  1.031  1.567  1.774  1.115    0.2   0.1
  1.167  1.032  1.568  1.779  1.114    0.2   0.1
  1.200  1.033  1.570  1.783  1.113    0.2   0.1
  1.233  1.030  1.566  1.791  1.106    0.3   0.4
  1.267  1.027  1.562  1.798  1.100    0.3   0.4
  1.300  1.019  1.551  1.806  1.095    0.5   0.9
  1.333  1.009  1.538  1.811  1.096    0.6   1.5
  1.367  0.997  1.521  1.810  1.108    0.6   2.2
  1.400  0.983  1.500  1.801  1.118    0.6   3.3
  1.433  0.967  1.476  1.788  1.129    0.6   4.2
  1.467  0.935  1.429  1.744  1.111    1.8   2.9
  1.500  0.903  1.381  1.699  1.097    1.9   2.8
  1.533  0.856  1.311  1.598  1.071    4.2   1.9
  1.567  0.809  1.241  1.486  1.039    4.4   2.1
  1.600  0.759  1.170  1.300  1.034    6.4   3.3
  1.633  0.710  1.101  1.036  1.042    8.4   4.9
  1.667  0.662  1.032  0.773  1.113    8.2   5.4
  1.700  0.621  0.966  0.556  1.171    6.7   3.8
  1.733  0.593  0.914  0.413  1.199    4.8   2.9
  1.767  0.578  0.874  0.341  1.201    2.7   2.9
  1.800  0.572  0.849  0.306  1.199    1.3   2.5
  1.833  0.572  0.842  0.293  1.212    0.5   1.1
  1.867  0.571  0.834  0.280  1.223    0.5   1.2
  1.900  0.571  0.837  0.276  1.236    0.1   0.7
  1.933  0.571  0.844  0.277  1.246    0.1   0.7
  1.967  0.571  0.853  0.279  1.254    0.2   0.5
  2.000  0.570  0.860  0.282  1.262    0.2   0.3
  2.033  0.570  0.865  0.285  1.269    0.2   0.3
  2.067  0.571  0.868  0.286  1.272    0.2   0.3
  2.100  0.572  0.871  0.288  1.273    0.2   0.4
  2.133  0.573  0.873  0.290  1.273    0.2   0.4
  2.167  0.575  0.875  0.293  1.274    0.2   0.1
  2.200  0.576  0.876  0.295  1.276    0.2   0.1
  2.233  0.576  0.878  0.297  1.279    0.1   0.1
  2.267  0.576  0.878  0.299  1.280    0.1   0.1
  2.300  0.575  0.880  0.300  1.278    0.2   0.2
  2.333  0.574  0.884  0.303  1.274    0.5   0.4
  2.367  0.574  0.894  0.312  1.272    0.6   0.7
  2.400  0.577  0.914  0.331  1.278    1.0   1.6
  2.433  0.583  0.945  0.362  1.281    1.4   2.3
  2.467  0.598  0.988  0.418  1.251    2.2   2.8
  2.500  0.627  1.039  0.509  1.189    3.5   3.1
  2.533  0.655  1.089  0.609  1.127    3.6   2.9
  2.567  0.684  1.136  0.711  1.074    3.6   2.8
  2.600  0.712  1.180  0.811  1.035    3.5   2.7
  2.633  0.747  1.224  0.882  1.004    2.9   2.5
  2.667  0.781  1.268  0.957  0.963    3.0   2.8
  2.700  0.815  1.312  1.035  0.918    3.2   3.1
  2.733  0.839  1.340  1.041  0.949    1.6   2.0
  2.767  0.862  1.368  1.047  0.980    1.5   2.0
  2.800  0.885  1.396  1.055  1.012    1.4   2.0
  2.833  0.909  1.423  1.065  1.045    1.3   1.9
  2.867  0.932  1.450  1.077  1.079    1.2   1.8
  2.900  0.956  1.477  1.091  1.113    1.2   1.8
  2.933  0.979  1.504  1.108  1.149    1.1   1.7
  2.967  1.003  1.531  1.128  1.185    1.0   1.6
== hero Hit length=0.700
   t     hipsH  headH  handRH handLH  vR   vL
  0.000  1.163  1.711  1.512  1.512    0.0   0.0
  0.033  1.139  1.686  1.456  1.484    1.7   1.8
  0.067  1.096  1.641  1.352  1.415    3.2   4.0
  0.100  1.044  1.584  1.223  1.301    4.0   5.3
  0.133  0.994  1.527  1.099  1.207    3.9   4.2
  0.167  0.955  1.481  1.002  1.186    3.3   1.8
  0.200  0.931  1.452  0.937  1.218    2.3   1.3
  0.233  0.920  1.438  0.899  1.264    1.4   1.5
  0.267  0.918  1.434  0.883  1.302    0.6   1.1
  0.300  0.918  1.432  0.878  1.329    0.2   1.0
  0.333  0.917  1.429  0.880  1.337    0.3   0.9
  0.367  0.914  1.424  0.893  1.324    0.7   1.1
  0.400  0.909  1.417  0.908  1.306    0.8   1.2
  0.433  0.904  1.411  0.921  1.287    0.6   0.9
  0.467  0.899  1.404  0.935  1.267    0.6   0.9
  0.500  0.893  1.397  0.948  1.248    0.6   0.9
  0.533  0.888  1.388  0.963  1.228    0.6   0.9
  0.567  0.886  1.385  0.964  1.222    0.1   0.3
  0.600  0.884  1.381  0.966  1.217    0.1   0.3
  0.633  0.881  1.378  0.968  1.212    0.1   0.3
  0.667  0.879  1.374  0.970  1.206    0.2   0.3
  0.700  0.877  1.370  0.973  1.200    0.2   0.3
== hero Attack3 length=0.767
   t     hipsH  headH  handRH handLH  vR   vL
  0.000  1.163  1.711  1.512  1.512    0.0   0.0
  0.033  1.150  1.697  1.495  1.461    3.7   1.8
  0.067  1.127  1.672  1.451  1.357    6.7   3.4
  0.100  1.101  1.641  1.372  1.221    7.4   4.5
  0.133  1.082  1.612  1.287  1.111    5.8   4.5
  0.167  1.074  1.591  1.236  1.062    3.0   3.0
  0.200  1.075  1.580  1.228  1.043    0.7   1.3
  0.233  1.079  1.579  1.271  1.025    3.8   1.1
  0.267  1.086  1.585  1.382  1.005    7.5   2.0
  0.300  1.092  1.594  1.550  1.001    8.7   2.3
  0.333  1.098  1.604  1.677  1.021    7.3   2.4
  0.367  1.103  1.614  1.735  1.066    5.4   3.0
  0.400  1.108  1.624  1.759  1.130    3.8   3.4
  0.433  1.113  1.633  1.773  1.196    2.7   3.1
  0.467  1.121  1.645  1.784  1.281    2.4   4.1
  0.500  1.128  1.656  1.791  1.382    1.7   5.0
  0.533  1.129  1.660  1.791  1.455    1.0   4.4
  0.567  1.122  1.654  1.781  1.489    0.5   3.5
  0.600  1.111  1.645  1.746  1.495    1.0   3.0
  0.633  1.099  1.634  1.701  1.487    1.5   2.6
  0.667  1.085  1.621  1.660  1.464    1.5   2.3
  0.700  1.067  1.602  1.608  1.426    1.8   2.4
  0.733  1.043  1.578  1.519  1.367    2.8   2.6
  0.767  1.019  1.552  1.415  1.294    3.1   2.6
