Sept. 13, 2026 2:52:14 PM com.jme3.system.JmeDesktopSystem initialize
INFORMATION: Running on jMonkeyEngine 3.8.1-stable
 * Branch: HEAD
 * Git Hash: eca8165
 * Build Date: 2025-05-15
[FRAMEYAW] hero Dodge len=0,767 0:0 1:1 2:2 3:7 4:16 5:22 6:22 7:21 8:14 9:22 10:52 11:98 12:135 13:75 14:51 15:29 16:18 17:9 18:4 19:0 20:1 21:1 22:1
[ROOTYAW]  0:-0 1:-0 2:-0 3:-0 4:-0 5:-0 6:-0 7:-0 8:-0 9:-0 10:-0 11:-0 12:-0 13:-0 14:-0 15:-0 16:-0 17:-0 18:-0 19:-0 20:-0 21:-0 22:-0
[TRACK] Hips keys=24 0,000:(-94,-0,43) 0,033:(-86,-2,39) 0,067:(-79,-3,33) 0,100:(-64,-8,25) 0,133:(-44,-16,17) 0,167:(-36,-20,11) 0,200:(-24,-19,6) 0,233:(-11,-17,2) 0,267:(12,-12,-0) 0,300:(36,-17,-4) 0,333:(57,-33,-18) 0,367:(80,-38,-46) 0,400:(-179,30,-59) 0,433:(-156,57,-16) 0,467:(-134,55,19) 0,500:(-115,42,43) 0,533:(-103,27,50) 0,567:(-92,15,51) 0,600:(-88,6,54) 0,633:(-84,-1,56) 0,667:(-87,-2,53) 0,700:(-90,-1,48) 0,733:(-92,-1,45) 0,767:(-94,-0,44)
[TRACKX] Hips scale10=(1.0000001, 0.9999999, 0.99999964) trans10=(5.048266E-8, -0.029646441, -0.7179205) trans0=(7.203797E-8, -0.029646462, -1.0906088)
[TRACK] Root keys=24 0,000:(-0,-0,-42) 0,033:(-0,-0,-42) 0,067:(-0,-0,-42) 0,100:(-0,-0,-42) 0,133:(-0,-0,-42) 0,167:(-0,-0,-42) 0,200:(-0,-0,-42) 0,233:(-0,-0,-42) 0,267:(-0,-0,-42) 0,300:(-0,-0,-42) 0,333:(-0,-0,-42) 0,367:(-0,-0,-42) 0,400:(-0,-0,-42) 0,433:(-0,-0,-42) 0,467:(-0,-0,-42) 0,500:(-0,-0,-42) 0,533:(-0,-0,-42) 0,567:(-0,-0,-42) 0,600:(-0,-0,-42) 0,633:(-0,-0,-42) 0,667:(-0,-0,-42) 0,700:(-0,-0,-42) 0,733:(-0,-0,-42) 0,767:(-0,-0,-42)
[TRACKX] Root scale10=(1.0, 1.0, 1.0) trans10=(0.0, 0.0, 0.0) trans0=(0.0, 0.0, 0.0)
[MODEL] 8:root(0)hips(15) 9:root(0)hips(23) 10:root(0)hips(54) 11:root(0)hips(100) 12:root(0)hips(-133) 13:root(0)hips(-76) 14:root(0)hips(-51) 15:root(0)hips(-29)
[GPUYAW] 0:0 1:1 2:2 3:7 4:16 5:22 6:22 7:21 8:14 9:22 10:52 11:98 12:135 13:75 14:51 15:29 16:18 17:9 18:4 19:0 20:1 21:1 22:1
[SIGNED] [0.18,1.13,1.99,7.17,16.21,21.75,22.02,20.67,13.93,21.96,52.12,97.80,-134.54,-74.97,-50.95,-29.43,-17.53,-9.39,-3.51,0.39,0.96,0.68,0.61]
[ROOTCHECK] jointsNamedRoot=1 trackTargetsThisJoint=true roots=[com.jme3.anim.Joint@20f4bdb5] localRotZ10=-41,9 localRot=(-8.458362E-9, -3.962728E-9, -0.35778284, 0.9338048)
[JOINT] Root parent=null bindScale=(1.0, 1.0, 1.0) bindRot=(-8.557151E-9, 3.4228552E-8, -5.85797E-16, 1.0) | Hips parent=Root bindTrans=(7.963085E-8, -0.029646516, -1.1632226)
Sept. 13, 2026 2:52:15 PM com.jme3.system.JmeDesktopSystem initialize
INFORMATION: Running on jMonkeyEngine 3.8.1-stable
 * Branch: HEAD
 * Git Hash: eca8165
 * Build Date: 2025-05-15
[FRAMEYAW] mira Dodge len=0,767 0:0 1:1 2:2 3:7 4:16 5:22 6:22 7:21 8:14 9:22 10:51 11:97 12:134 13:75 14:51 15:30 16:18 17:9 18:4 19:0 20:1 21:1 22:1
[ROOTYAW]  0:-0 1:-0 2:-0 3:-0 4:-0 5:-0 6:-0 7:-0 8:-0 9:-0 10:-0 11:-0 12:-0 13:-0 14:-0 15:-0 16:-0 17:-0 18:-0 19:-0 20:-0 21:-0 22:-0
[TRACK] Hips keys=24 0,000:(-94,-0,43) 0,033:(-86,-2,39) 0,067:(-78,-3,33) 0,100:(-64,-8,25) 0,133:(-44,-16,17) 0,167:(-36,-21,11) 0,200:(-24,-19,6) 0,233:(-11,-17,2) 0,267:(12,-12,-0) 0,300:(36,-17,-4) 0,333:(57,-33,-17) 0,367:(80,-39,-46) 0,400:(-179,30,-59) 0,433:(-156,57,-16) 0,467:(-134,55,19) 0,500:(-116,42,43) 0,533:(-103,27,50) 0,567:(-92,14,51) 0,600:(-88,6,54) 0,633:(-84,-1,56) 0,667:(-87,-2,53) 0,700:(-90,-1,48) 0,733:(-92,-1,45) 0,767:(-94,-0,44)
[TRACKX] Hips scale10=(1.0000001, 1.0000011, 1.0000012) trans10=(-0.0060421075, -0.026048541, -0.6728467) trans0=(-0.006041964, -0.0260486, -1.0496024)
[TRACK] Root keys=24 0,000:(-0,-0,-42) 0,033:(-0,-0,-42) 0,067:(-0,-0,-42) 0,100:(-0,-0,-42) 0,133:(-0,-0,-42) 0,167:(-0,-0,-42) 0,200:(-0,-0,-42) 0,233:(-0,-0,-42) 0,267:(-0,-0,-42) 0,300:(-0,-0,-42) 0,333:(-0,-0,-42) 0,367:(-0,-0,-42) 0,400:(-0,-0,-42) 0,433:(-0,-0,-42) 0,467:(-0,-0,-42) 0,500:(-0,-0,-42) 0,533:(-0,-0,-42) 0,567:(-0,-0,-42) 0,600:(-0,-0,-42) 0,633:(-0,-0,-42) 0,667:(-0,-0,-42) 0,700:(-0,-0,-42) 0,733:(-0,-0,-42) 0,767:(-0,-0,-42)
[TRACKX] Root scale10=(1.0, 1.0, 1.0) trans10=(0.0, 0.0, 0.0) trans0=(0.0, 0.0, 0.0)
[MODEL] 8:root(0)hips(15) 9:root(0)hips(23) 10:root(0)hips(53) 11:root(0)hips(99) 12:root(0)hips(-133) 13:root(0)hips(-75) 14:root(0)hips(-51) 15:root(0)hips(-30)
[GPUYAW] 0:0 1:1 2:2 3:7 4:16 5:22 6:22 7:21 8:14 9:22 10:51 11:97 12:134 13:75 14:51 15:30 16:18 17:9 18:4 19:0 20:1 21:1 22:1
[SIGNED] [0.17,1.15,2.11,7.20,16.34,22.13,22.21,20.83,13.86,21.64,51.33,96.52,-134.07,-74.61,-50.93,-29.72,-17.66,-9.16,-3.50,0.29,0.97,0.69,0.62]
[ROOTCHECK] jointsNamedRoot=1 trackTargetsThisJoint=true roots=[com.jme3.anim.Joint@49a8e20f] localRotZ10=-41,8 localRot=(-8.267365E-9, -1.6865465E-10, -0.3571096, 0.9340625)
[JOINT] Root parent=null bindScale=(1.0, 1.0, 1.0) bindRot=(-8.55713E-9, 3.8268688E-8, -6.549407E-16, 1.0) | Hips parent=Root bindTrans=(8.629492E-8, -0.030246975, -1.1274873)
Sept. 13, 2026 2:52:16 PM com.jme3.system.JmeDesktopSystem initialize
INFORMATION: Running on jMonkeyEngine 3.8.1-stable
 * Branch: HEAD
 * Git Hash: eca8165
 * Build Date: 2025-05-15
[FRAMEYAW] eren Dodge len=0,767 0:0 1:1 2:2 3:7 4:16 5:21 6:21 7:20 8:13 9:21 10:50 11:95 12:134 13:74 14:51 15:29 16:18 17:10 18:4 19:0 20:1 21:1 22:1
[ROOTYAW]  0:-0 1:-0 2:-0 3:-0 4:-0 5:-0 6:-0 7:-0 8:-0 9:-0 10:-0 11:-0 12:-0 13:-0 14:-0 15:-0 16:-0 17:-0 18:-0 19:-0 20:-0 21:-0 22:-0
[TRACK] Hips keys=24 0,000:(-94,-0,43) 0,033:(-86,-2,39) 0,067:(-79,-3,33) 0,100:(-64,-8,25) 0,133:(-44,-16,17) 0,167:(-36,-20,11) 0,200:(-24,-19,6) 0,233:(-11,-17,2) 0,267:(12,-12,-0) 0,300:(36,-17,-4) 0,333:(57,-33,-18) 0,367:(80,-38,-46) 0,400:(-179,30,-59) 0,433:(-156,57,-16) 0,467:(-134,55,19) 0,500:(-115,42,43) 0,533:(-103,27,50) 0,567:(-92,15,51) 0,600:(-88,6,54) 0,633:(-84,-1,56) 0,667:(-87,-2,53) 0,700:(-90,-1,48) 0,733:(-92,-1,45) 0,767:(-94,-0,44)
[TRACKX] Hips scale10=(0.9999999, 1.0000005, 1.0000005) trans10=(1.0893383E-7, -0.027989237, -0.65532935) trans0=(1.3760236E-7, -0.027989147, -1.0280178)
[TRACK] Root keys=24 0,000:(-0,-0,-41) 0,033:(-0,-0,-41) 0,067:(-0,-0,-41) 0,100:(-0,-0,-41) 0,133:(-0,-0,-41) 0,167:(-0,-0,-41) 0,200:(-0,-0,-41) 0,233:(-0,-0,-41) 0,267:(-0,-0,-41) 0,300:(-0,-0,-41) 0,333:(-0,-0,-41) 0,367:(-0,-0,-41) 0,400:(-0,-0,-41) 0,433:(-0,-0,-41) 0,467:(-0,-0,-41) 0,500:(-0,-0,-41) 0,533:(-0,-0,-41) 0,567:(-0,-0,-41) 0,600:(-0,-0,-41) 0,633:(-0,-0,-41) 0,667:(-0,-0,-41) 0,700:(-0,-0,-41) 0,733:(-0,-0,-41) 0,767:(-0,-0,-41)
[TRACKX] Root scale10=(1.0, 1.0, 1.0) trans10=(0.0, 0.0, 0.0) trans0=(0.0, 0.0, 0.0)
[MODEL] 8:root(0)hips(15) 9:root(0)hips(23) 10:root(0)hips(53) 11:root(0)hips(99) 12:root(0)hips(-132) 13:root(0)hips(-75) 14:root(0)hips(-51) 15:root(0)hips(-29)
[GPUYAW] 0:0 1:1 2:2 3:7 4:16 5:21 6:21 7:20 8:13 9:21 10:50 11:95 12:134 13:74 14:51 15:29 16:18 17:10 18:4 19:0 20:1 21:1 22:1
[SIGNED] [0.24,1.10,1.86,6.87,15.65,21.06,21.15,19.62,12.82,20.78,50.45,94.69,-133.81,-74.10,-50.73,-29.50,-17.63,-9.51,-3.60,0.32,0.93,0.69,0.64]
[ROOTCHECK] jointsNamedRoot=1 trackTargetsThisJoint=true roots=[com.jme3.anim.Joint@49a8e20f] localRotZ10=-41,2 localRot=(-8.3000575E-9, -2.980308E-8, -0.3517998, 0.93607527)
[JOINT] Root parent=null bindScale=(1.0, 1.0, 1.0) bindRot=(-8.55713E-9, 3.8268688E-8, -6.549407E-16, 1.0) | Hips parent=Root bindTrans=(1.4384406E-7, -0.027989151, -1.1006317)
Sept. 13, 2026 2:52:17 PM com.jme3.system.JmeDesktopSystem initialize
INFORMATION: Running on jMonkeyEngine 3.8.1-stable
 * Branch: HEAD
 * Git Hash: eca8165
 * Build Date: 2025-05-15
[FRAMEYAW] goblin Dodge len=0,767 0:0 1:1 2:2 3:8 4:17 5:23 6:23 7:22 8:16 9:24 10:55 11:103 12:135 13:76 14:51 15:29 16:17 17:9 18:3 19:0 20:1 21:1 22:1
[ROOTYAW]  0:-0 1:-0 2:-0 3:-0 4:-0 5:-0 6:-0 7:-0 8:-0 9:-0 10:-0 11:-0 12:-0 13:-0 14:-0 15:-0 16:-0 17:-0 18:-0 19:-0 20:-0 21:-0 22:-0
[TRACK] Hips keys=24 0,000:(-94,-0,43) 0,033:(-86,-2,39) 0,067:(-79,-3,33) 0,100:(-64,-8,25) 0,133:(-44,-16,17) 0,167:(-36,-20,11) 0,200:(-24,-19,6) 0,233:(-11,-17,2) 0,267:(12,-12,-0) 0,300:(36,-17,-4) 0,333:(57,-33,-18) 0,367:(80,-38,-46) 0,400:(-179,30,-59) 0,433:(-156,57,-16) 0,467:(-134,55,19) 0,500:(-115,42,43) 0,533:(-103,27,50) 0,567:(-92,15,51) 0,600:(-88,6,54) 0,633:(-84,-1,56) 0,667:(-87,-2,53) 0,700:(-90,-1,48) 0,733:(-92,-1,45) 0,767:(-94,-0,44)
[TRACKX] Hips scale10=(0.99999994, 1.000001, 1.000001) trans10=(8.756124E-9, 0.059999775, -0.13469699) trans0=(4.4033346E-8, 0.05999997, -0.5073856)
[TRACK] Root keys=24 0,000:(-0,-0,-43) 0,033:(-0,-0,-43) 0,067:(-0,-0,-43) 0,100:(-0,-0,-43) 0,133:(-0,-0,-43) 0,167:(-0,-0,-43) 0,200:(-0,-0,-43) 0,233:(-0,-0,-43) 0,267:(-0,-0,-43) 0,300:(-0,-0,-43) 0,333:(-0,-0,-43) 0,367:(-0,-0,-43) 0,400:(-0,-0,-43) 0,433:(-0,-0,-43) 0,467:(-0,-0,-43) 0,500:(-0,-0,-43) 0,533:(-0,-0,-43) 0,567:(-0,-0,-43) 0,600:(-0,-0,-43) 0,633:(-0,-0,-43) 0,667:(-0,-0,-43) 0,700:(-0,-0,-43) 0,733:(-0,-0,-43) 0,767:(-0,-0,-43)
[TRACKX] Root scale10=(1.0, 1.0, 1.0) trans10=(0.0, 0.0, 0.0) trans0=(0.0, 0.0, 0.0)
[MODEL] 8:root(0)hips(16) 9:root(0)hips(24) 10:root(0)hips(55) 11:root(0)hips(103) 12:root(0)hips(-135) 13:root(0)hips(-76) 14:root(0)hips(-51) 15:root(0)hips(-29)
[GPUYAW] 0:0 1:1 2:2 3:8 4:17 5:23 6:23 7:22 8:16 9:24 10:55 11:103 12:135 13:76 14:51 15:29 16:17 17:9 18:3 19:0 20:1 21:1 22:1
[SIGNED] [0.10,1.18,2.19,7.63,17.07,22.81,23.39,22.32,15.72,23.88,54.83,102.64,-135.48,-76.29,-51.26,-29.32,-17.36,-9.21,-3.37,0.50,1.00,0.67,0.57]
[ROOTCHECK] jointsNamedRoot=1 trackTargetsThisJoint=true roots=[com.jme3.anim.Joint@5ec38cae] localRotZ10=-43,1 localRot=(-8.203339E-9, -4.8692256E-10, -0.36706188, 0.9301965)
[JOINT] Root parent=null bindScale=(1.0, 1.0, 1.0) bindRot=(-8.557151E-9, 3.8268684E-8, -6.5494154E-16, 1.0) | Hips parent=Root bindTrans=(4.4391648E-8, 0.059999943, -0.5799996)
Sept. 13, 2026 2:52:18 PM com.jme3.system.JmeDesktopSystem initialize
INFORMATION: Running on jMonkeyEngine 3.8.1-stable
 * Branch: HEAD
 * Git Hash: eca8165
 * Build Date: 2025-05-15
[FRAMEYAW] orc Dodge len=0,767 0:0 1:1 2:2 3:7 4:16 5:21 6:21 7:20 8:13 9:21 10:50 11:95 12:134 13:74 14:51 15:29 16:18 17:10 18:4 19:0 20:1 21:1 22:1
[ROOTYAW]  0:-0 1:-0 2:-0 3:-0 4:-0 5:-0 6:-0 7:-0 8:-0 9:-0 10:-0 11:-0 12:-0 13:-0 14:-0 15:-0 16:-0 17:-0 18:-0 19:-0 20:-0 21:-0 22:-0
[TRACK] Hips keys=24 0,000:(-94,-0,43) 0,033:(-86,-2,39) 0,067:(-79,-3,33) 0,100:(-64,-8,25) 0,133:(-44,-16,17) 0,167:(-36,-20,11) 0,200:(-24,-19,6) 0,233:(-11,-17,2) 0,267:(12,-12,-0) 0,300:(36,-17,-4) 0,333:(57,-33,-18) 0,367:(80,-38,-46) 0,400:(-179,30,-59) 0,433:(-156,57,-16) 0,467:(-134,55,19) 0,500:(-115,42,43) 0,533:(-103,27,50) 0,567:(-92,15,51) 0,600:(-88,6,54) 0,633:(-84,-1,56) 0,667:(-87,-2,53) 0,700:(-90,-1,48) 0,733:(-92,-1,45) 0,767:(-94,-0,44)
[TRACKX] Hips scale10=(1.0, 1.0000004, 1.0000004) trans10=(1.09175986E-7, -0.027989151, -0.655329) trans0=(1.40012E-7, -0.027989095, -1.0280173)
[TRACK] Root keys=24 0,000:(-0,-0,-41) 0,033:(-0,-0,-41) 0,067:(-0,-0,-41) 0,100:(-0,-0,-41) 0,133:(-0,-0,-41) 0,167:(-0,-0,-41) 0,200:(-0,-0,-41) 0,233:(-0,-0,-41) 0,267:(-0,-0,-41) 0,300:(-0,-0,-41) 0,333:(-0,-0,-41) 0,367:(-0,-0,-41) 0,400:(-0,-0,-41) 0,433:(-0,-0,-41) 0,467:(-0,-0,-41) 0,500:(-0,-0,-41) 0,533:(-0,-0,-41) 0,567:(-0,-0,-41) 0,600:(-0,-0,-41) 0,633:(-0,-0,-41) 0,667:(-0,-0,-41) 0,700:(-0,-0,-41) 0,733:(-0,-0,-41) 0,767:(-0,-0,-41)
[TRACKX] Root scale10=(1.0, 1.0, 1.0) trans10=(0.0, 0.0, 0.0) trans0=(0.0, 0.0, 0.0)
[MODEL] 8:root(0)hips(15) 9:root(0)hips(23) 10:root(0)hips(53) 11:root(0)hips(99) 12:root(0)hips(-132) 13:root(0)hips(-75) 14:root(0)hips(-51) 15:root(0)hips(-29)
[GPUYAW] 0:0 1:1 2:2 3:7 4:16 5:21 6:21 7:20 8:13 9:21 10:50 11:95 12:134 13:74 14:51 15:29 16:18 17:10 18:4 19:0 20:1 21:1 22:1
[SIGNED] [0.24,1.10,1.86,6.87,15.65,21.06,21.15,19.62,12.82,20.78,50.45,94.69,-133.81,-74.10,-50.73,-29.50,-17.63,-9.51,-3.60,0.32,0.93,0.69,0.64]
[ROOTCHECK] jointsNamedRoot=1 trackTargetsThisJoint=true roots=[com.jme3.anim.Joint@5ec38cae] localRotZ10=-41,2 localRot=(-8.300061E-9, -7.429356E-13, -0.35179958, 0.9360753)
[JOINT] Root parent=null bindScale=(1.0, 1.0, 1.0) bindRot=(-8.55713E-9, 3.8268684E-8, -6.549407E-16, 1.0) | Hips parent=Root bindTrans=(1.4384406E-7, -0.02798915, -1.1006316)
Sept. 13, 2026 2:52:19 PM com.jme3.system.JmeDesktopSystem initialize
INFORMATION: Running on jMonkeyEngine 3.8.1-stable
 * Branch: HEAD
 * Git Hash: eca8165
 * Build Date: 2025-05-15
[FRAMEYAW] warden Dodge len=0,767 0:0 1:1 2:2 3:7 4:16 5:21 6:21 7:20 8:13 9:21 10:50 11:95 12:134 13:74 14:51 15:29 16:18 17:10 18:4 19:0 20:1 21:1 22:1
[ROOTYAW]  0:-0 1:-0 2:-0 3:-0 4:-0 5:-0 6:-0 7:-0 8:-0 9:-0 10:-0 11:-0 12:-0 13:-0 14:-0 15:-0 16:-0 17:-0 18:-0 19:-0 20:-0 21:-0 22:-0
[TRACK] Hips keys=24 0,000:(-94,-0,43) 0,033:(-86,-2,39) 0,067:(-79,-3,33) 0,100:(-64,-8,25) 0,133:(-44,-16,17) 0,167:(-36,-20,11) 0,200:(-24,-19,6) 0,233:(-11,-17,2) 0,267:(12,-12,-0) 0,300:(36,-17,-4) 0,333:(57,-33,-18) 0,367:(80,-38,-46) 0,400:(-179,30,-59) 0,433:(-156,57,-16) 0,467:(-134,55,19) 0,500:(-115,42,43) 0,533:(-103,27,50) 0,567:(-92,15,51) 0,600:(-88,6,54) 0,633:(-84,-1,56) 0,667:(-87,-2,53) 0,700:(-90,-1,48) 0,733:(-92,-1,45) 0,767:(-94,-0,44)
[TRACKX] Hips scale10=(1.0, 1.0000004, 1.0000004) trans10=(1.09175986E-7, -0.027989151, -0.655329) trans0=(1.40012E-7, -0.027989095, -1.0280173)
[TRACK] Root keys=24 0,000:(-0,-0,-41) 0,033:(-0,-0,-41) 0,067:(-0,-0,-41) 0,100:(-0,-0,-41) 0,133:(-0,-0,-41) 0,167:(-0,-0,-41) 0,200:(-0,-0,-41) 0,233:(-0,-0,-41) 0,267:(-0,-0,-41) 0,300:(-0,-0,-41) 0,333:(-0,-0,-41) 0,367:(-0,-0,-41) 0,400:(-0,-0,-41) 0,433:(-0,-0,-41) 0,467:(-0,-0,-41) 0,500:(-0,-0,-41) 0,533:(-0,-0,-41) 0,567:(-0,-0,-41) 0,600:(-0,-0,-41) 0,633:(-0,-0,-41) 0,667:(-0,-0,-41) 0,700:(-0,-0,-41) 0,733:(-0,-0,-41) 0,767:(-0,-0,-41)
[TRACKX] Root scale10=(1.0, 1.0, 1.0) trans10=(0.0, 0.0, 0.0) trans0=(0.0, 0.0, 0.0)
[MODEL] 8:root(0)hips(15) 9:root(0)hips(23) 10:root(0)hips(53) 11:root(0)hips(99) 12:root(0)hips(-132) 13:root(0)hips(-75) 14:root(0)hips(-51) 15:root(0)hips(-29)
[GPUYAW] 0:0 1:1 2:2 3:7 4:16 5:21 6:21 7:20 8:13 9:21 10:50 11:95 12:134 13:74 14:51 15:29 16:18 17:10 18:4 19:0 20:1 21:1 22:1
[SIGNED] [0.24,1.10,1.86,6.87,15.65,21.06,21.15,19.62,12.82,20.78,50.45,94.69,-133.81,-74.10,-50.73,-29.50,-17.63,-9.51,-3.60,0.32,0.93,0.69,0.64]
[ROOTCHECK] jointsNamedRoot=1 trackTargetsThisJoint=true roots=[com.jme3.anim.Joint@7c785492] localRotZ10=-41,2 localRot=(-8.300061E-9, -7.429356E-13, -0.35179958, 0.9360753)
[JOINT] Root parent=null bindScale=(1.0, 1.0, 1.0) bindRot=(-8.55713E-9, 3.8268684E-8, -6.549407E-16, 1.0) | Hips parent=Root bindTrans=(1.4384406E-7, -0.02798915, -1.1006316)
Sept. 13, 2026 2:52:20 PM com.jme3.system.JmeDesktopSystem initialize
INFORMATION: Running on jMonkeyEngine 3.8.1-stable
 * Branch: HEAD
 * Git Hash: eca8165
 * Build Date: 2025-05-15
[FRAMEYAW] shaman Dodge len=0,767 0:0 1:1 2:2 3:7 4:16 5:21 6:21 7:20 8:13 9:21 10:50 11:95 12:134 13:74 14:51 15:29 16:18 17:10 18:4 19:0 20:1 21:1 22:1
[ROOTYAW]  0:-0 1:-0 2:-0 3:-0 4:-0 5:-0 6:-0 7:-0 8:-0 9:-0 10:-0 11:-0 12:-0 13:-0 14:-0 15:-0 16:-0 17:-0 18:-0 19:-0 20:-0 21:-0 22:-0
[TRACK] Hips keys=24 0,000:(-94,-0,43) 0,033:(-86,-2,39) 0,067:(-79,-3,33) 0,100:(-64,-8,25) 0,133:(-44,-16,17) 0,167:(-36,-20,11) 0,200:(-24,-19,6) 0,233:(-11,-17,2) 0,267:(12,-12,-0) 0,300:(36,-17,-4) 0,333:(57,-33,-18) 0,367:(80,-38,-46) 0,400:(-179,30,-59) 0,433:(-156,57,-16) 0,467:(-134,55,19) 0,500:(-115,42,43) 0,533:(-103,27,50) 0,567:(-92,15,51) 0,600:(-88,6,54) 0,633:(-84,-1,56) 0,667:(-87,-2,53) 0,700:(-90,-1,48) 0,733:(-92,-1,45) 0,767:(-94,-0,44)
[TRACKX] Hips scale10=(1.0, 1.0000004, 1.0000004) trans10=(1.09175986E-7, -0.027989151, -0.655329) trans0=(1.40012E-7, -0.027989095, -1.0280173)
[TRACK] Root keys=24 0,000:(-0,-0,-41) 0,033:(-0,-0,-41) 0,067:(-0,-0,-41) 0,100:(-0,-0,-41) 0,133:(-0,-0,-41) 0,167:(-0,-0,-41) 0,200:(-0,-0,-41) 0,233:(-0,-0,-41) 0,267:(-0,-0,-41) 0,300:(-0,-0,-41) 0,333:(-0,-0,-41) 0,367:(-0,-0,-41) 0,400:(-0,-0,-41) 0,433:(-0,-0,-41) 0,467:(-0,-0,-41) 0,500:(-0,-0,-41) 0,533:(-0,-0,-41) 0,567:(-0,-0,-41) 0,600:(-0,-0,-41) 0,633:(-0,-0,-41) 0,667:(-0,-0,-41) 0,700:(-0,-0,-41) 0,733:(-0,-0,-41) 0,767:(-0,-0,-41)
[TRACKX] Root scale10=(1.0, 1.0, 1.0) trans10=(0.0, 0.0, 0.0) trans0=(0.0, 0.0, 0.0)
[MODEL] 8:root(0)hips(15) 9:root(0)hips(23) 10:root(0)hips(53) 11:root(0)hips(99) 12:root(0)hips(-132) 13:root(0)hips(-75) 14:root(0)hips(-51) 15:root(0)hips(-29)
[GPUYAW] 0:0 1:1 2:2 3:7 4:16 5:21 6:21 7:20 8:13 9:21 10:50 11:95 12:134 13:74 14:51 15:29 16:18 17:10 18:4 19:0 20:1 21:1 22:1
[SIGNED] [0.24,1.10,1.86,6.87,15.65,21.06,21.15,19.62,12.82,20.78,50.45,94.69,-133.81,-74.10,-50.73,-29.50,-17.63,-9.51,-3.60,0.32,0.93,0.69,0.64]
[ROOTCHECK] jointsNamedRoot=1 trackTargetsThisJoint=true roots=[com.jme3.anim.Joint@5ec38cae] localRotZ10=-41,2 localRot=(-8.300061E-9, -7.429356E-13, -0.35179958, 0.9360753)
[JOINT] Root parent=null bindScale=(1.0, 1.0, 1.0) bindRot=(-8.55713E-9, 3.8268684E-8, -6.549407E-16, 1.0) | Hips parent=Root bindTrans=(1.4384406E-7, -0.02798915, -1.1006316)
Sept. 13, 2026 2:52:21 PM com.jme3.system.JmeDesktopSystem initialize
INFORMATION: Running on jMonkeyEngine 3.8.1-stable
 * Branch: HEAD
 * Git Hash: eca8165
 * Build Date: 2025-05-15
[FRAMEYAW] king Dodge len=0,767 0:0 1:1 2:2 3:7 4:16 5:21 6:21 7:20 8:13 9:21 10:50 11:95 12:134 13:74 14:51 15:29 16:18 17:10 18:4 19:0 20:1 21:1 22:1
[ROOTYAW]  0:-0 1:-0 2:-0 3:-0 4:-0 5:-0 6:-0 7:-0 8:-0 9:-0 10:-0 11:-0 12:-0 13:-0 14:-0 15:-0 16:-0 17:-0 18:-0 19:-0 20:-0 21:-0 22:-0
[TRACK] Hips keys=24 0,000:(-94,-0,43) 0,033:(-86,-2,39) 0,067:(-79,-3,33) 0,100:(-64,-8,25) 0,133:(-44,-16,17) 0,167:(-36,-20,11) 0,200:(-24,-19,6) 0,233:(-11,-17,2) 0,267:(12,-12,-0) 0,300:(36,-17,-4) 0,333:(57,-33,-18) 0,367:(80,-38,-46) 0,400:(-179,30,-59) 0,433:(-156,57,-16) 0,467:(-134,55,19) 0,500:(-115,42,43) 0,533:(-103,27,50) 0,567:(-92,15,51) 0,600:(-88,6,54) 0,633:(-84,-1,56) 0,667:(-87,-2,53) 0,700:(-90,-1,48) 0,733:(-92,-1,45) 0,767:(-94,-0,44)
[TRACKX] Hips scale10=(1.0, 1.0000004, 1.0000004) trans10=(1.09175986E-7, -0.027989151, -0.655329) trans0=(1.40012E-7, -0.027989095, -1.0280173)
[TRACK] Root keys=24 0,000:(-0,-0,-41) 0,033:(-0,-0,-41) 0,067:(-0,-0,-41) 0,100:(-0,-0,-41) 0,133:(-0,-0,-41) 0,167:(-0,-0,-41) 0,200:(-0,-0,-41) 0,233:(-0,-0,-41) 0,267:(-0,-0,-41) 0,300:(-0,-0,-41) 0,333:(-0,-0,-41) 0,367:(-0,-0,-41) 0,400:(-0,-0,-41) 0,433:(-0,-0,-41) 0,467:(-0,-0,-41) 0,500:(-0,-0,-41) 0,533:(-0,-0,-41) 0,567:(-0,-0,-41) 0,600:(-0,-0,-41) 0,633:(-0,-0,-41) 0,667:(-0,-0,-41) 0,700:(-0,-0,-41) 0,733:(-0,-0,-41) 0,767:(-0,-0,-41)
[TRACKX] Root scale10=(1.0, 1.0, 1.0) trans10=(0.0, 0.0, 0.0) trans0=(0.0, 0.0, 0.0)
[MODEL] 8:root(0)hips(15) 9:root(0)hips(23) 10:root(0)hips(53) 11:root(0)hips(99) 12:root(0)hips(-132) 13:root(0)hips(-75) 14:root(0)hips(-51) 15:root(0)hips(-29)
[GPUYAW] 0:0 1:1 2:2 3:7 4:16 5:21 6:21 7:20 8:13 9:21 10:50 11:95 12:134 13:74 14:51 15:29 16:18 17:10 18:4 19:0 20:1 21:1 22:1
[SIGNED] [0.24,1.10,1.86,6.87,15.65,21.06,21.15,19.62,12.82,20.78,50.45,94.69,-133.81,-74.10,-50.73,-29.50,-17.63,-9.51,-3.60,0.32,0.93,0.69,0.64]
[ROOTCHECK] jointsNamedRoot=1 trackTargetsThisJoint=true roots=[com.jme3.anim.Joint@5ec38cae] localRotZ10=-41,2 localRot=(-8.300061E-9, -7.429356E-13, -0.35179958, 0.9360753)
[JOINT] Root parent=null bindScale=(1.0, 1.0, 1.0) bindRot=(-8.55713E-9, 3.8268684E-8, -6.549407E-16, 1.0) | Hips parent=Root bindTrans=(1.4384406E-7, -0.02798915, -1.1006316)
