Sept. 13, 2026 2:46:57 PM com.jme3.system.JmeDesktopSystem initialize
INFORMATION: Running on jMonkeyEngine 3.8.1-stable
 * Branch: HEAD
 * Git Hash: eca8165
 * Build Date: 2025-05-15
[FRAMEYAW] hero Dodge len=0,767 0:0 1:1 2:2 3:7 4:15 5:19 6:18 7:16 8:10 9:16 10:31 11:26 12:14 13:52 14:50 15:29 16:17 17:9 18:3 19:0 20:1 21:1 22:1
[ROOTYAW]  0:-0 1:0 2:0 3:0 4:0 5:0 6:0 7:0 8:0 9:0 10:0 11:0 12:0 13:0 14:0 15:-0 16:-0 17:-0 18:-0 19:-0 20:-0 21:-0 22:-0
[TRACK] Hips keys=24 0,000:(-94,-0,43) 0,033:(-86,-2,39) 0,067:(-79,-3,33) 0,100:(-64,-8,25) 0,133:(-44,-16,17) 0,167:(-36,-20,11) 0,200:(-24,-19,6) 0,233:(-11,-17,2) 0,267:(12,-12,-0) 0,300:(36,-17,-4) 0,333:(57,-33,-18) 0,367:(80,-38,-46) 0,400:(-179,30,-59) 0,433:(-156,57,-16) 0,467:(-134,55,19) 0,500:(-115,42,43) 0,533:(-103,27,50) 0,567:(-92,15,51) 0,600:(-88,6,54) 0,633:(-84,-1,56) 0,667:(-87,-2,53) 0,700:(-90,-1,48) 0,733:(-92,-1,45) 0,767:(-94,-0,44)
[TRACKX] Hips scale10=(1.0000001, 0.9999999, 0.9999996) trans10=(8.043283E-8, -0.029646307, -0.71792036) trans0=(1.1816275E-7, -0.029646337, -1.0906087)
[TRACK] Root keys=24 0,000:(-0,-0,-42) 0,033:(-0,0,-38) 0,067:(-0,0,-31) 0,100:(-0,0,-24) 0,133:(-0,0,-16) 0,167:(-0,0,-11) 0,200:(-0,0,-6) 0,233:(-0,0,-2) 0,267:(-0,0,-0) 0,300:(-0,0,4) 0,333:(-0,0,20) 0,367:(-0,0,52) 0,400:(-0,0,62) 0,433:(-0,0,28) 0,467:(-0,0,-30) 0,500:(-0,-0,-50) 0,533:(-0,-0,-52) 0,567:(-0,-0,-51) 0,600:(-0,-0,-53) 0,633:(-0,-0,-55) 0,667:(-0,-0,-52) 0,700:(-0,-0,-47) 0,733:(-0,-0,-44) 0,767:(-0,-0,-43)
[TRACKX] Root scale10=(1.0, 0.99999994, 0.99999994) trans10=(0.0, 0.0, 0.0) trans0=(0.0, 0.0, 0.0)
[MODEL] 8:root(-0)hips(12) 9:root(-0)hips(17) 10:root(-0)hips(32) 11:root(-0)hips(26) 12:root(-0)hips(-15) 13:root(-0)hips(-53) 14:root(-0)hips(-51) 15:root(0)hips(-29)
[GPUYAW] 0:0 1:1 2:2 3:7 4:15 5:19 6:18 7:16 8:10 9:16 10:31 11:26 12:14 13:52 14:50 15:29 16:17 17:9 18:3 19:0 20:1 21:1 22:1
[ROOTCHECK] jointsNamedRoot=1 trackTargetsThisJoint=true roots=[com.jme3.anim.Joint@2de4e470] localRotZ10=20,0 localRot=(-3.0941079E-9, 3.7461692E-8, 0.17397574, 0.9847499)
[JOINT] Root parent=null bindScale=(1.0, 1.0, 1.0) bindRot=(-3.8359456E-8, 5.4562122E-8, -9.337911E-16, 1.0) | Hips parent=Root bindTrans=(1.2693573E-7, -0.029646397, -1.163222)
Sept. 13, 2026 2:46:58 PM com.jme3.system.JmeDesktopSystem initialize
INFORMATION: Running on jMonkeyEngine 3.8.1-stable
 * Branch: HEAD
 * Git Hash: eca8165
 * Build Date: 2025-05-15
[FRAMEYAW] hero Dodge len=0,767 0:0 1:1 2:2 3:7 4:16 5:22 6:22 7:21 8:14 9:22 10:52 11:98 12:135 13:75 14:51 15:29 16:18 17:9 18:4 19:0 20:1 21:1 22:1
[ROOTYAW]  0:-0 1:-0 2:-0 3:-0 4:-0 5:-0 6:-0 7:-0 8:-0 9:-0 10:-0 11:-0 12:-0 13:-0 14:-0 15:-0 16:-0 17:-0 18:-0 19:-0 20:-0 21:-0 22:-0
[TRACK] Hips keys=24 0,000:(-94,-0,43) 0,033:(-86,-2,39) 0,067:(-79,-3,33) 0,100:(-64,-8,25) 0,133:(-44,-16,17) 0,167:(-36,-20,11) 0,200:(-24,-19,6) 0,233:(-11,-17,2) 0,267:(12,-12,-0) 0,300:(36,-17,-4) 0,333:(57,-33,-18) 0,367:(80,-38,-46) 0,400:(-179,30,-59) 0,433:(-156,57,-16) 0,467:(-134,55,19) 0,500:(-115,42,43) 0,533:(-103,27,50) 0,567:(-92,15,51) 0,600:(-88,6,54) 0,633:(-84,-1,56) 0,667:(-87,-2,53) 0,700:(-90,-1,48) 0,733:(-92,-1,45) 0,767:(-94,-0,44)
[TRACKX] Hips scale10=(1.0000001, 0.9999999, 0.99999964) trans10=(5.048266E-8, -0.029646441, -0.7179205) trans0=(7.203797E-8, -0.029646462, -1.0906088)
[TRACK] Root keys=24 0,000:(-0,-0,-42) 0,033:(-0,-0,-42) 0,067:(-0,-0,-42) 0,100:(-0,-0,-42) 0,133:(-0,-0,-42) 0,167:(-0,-0,-42) 0,200:(-0,-0,-42) 0,233:(-0,-0,-42) 0,267:(-0,-0,-42) 0,300:(-0,-0,-42) 0,333:(-0,-0,-42) 0,367:(-0,-0,-42) 0,400:(-0,-0,-42) 0,433:(-0,-0,-42) 0,467:(-0,-0,-42) 0,500:(-0,-0,-42) 0,533:(-0,-0,-42) 0,567:(-0,-0,-42) 0,600:(-0,-0,-42) 0,633:(-0,-0,-42) 0,667:(-0,-0,-42) 0,700:(-0,-0,-42) 0,733:(-0,-0,-42) 0,767:(-0,-0,-42)
[TRACKX] Root scale10=(1.0, 1.0, 1.0) trans10=(0.0, 0.0, 0.0) trans0=(0.0, 0.0, 0.0)
[MODEL] 8:root(0)hips(15) 9:root(0)hips(23) 10:root(0)hips(54) 11:root(0)hips(100) 12:root(0)hips(-133) 13:root(0)hips(-76) 14:root(0)hips(-51) 15:root(0)hips(-29)
[GPUYAW] 0:0 1:1 2:2 3:7 4:16 5:22 6:22 7:21 8:14 9:22 10:52 11:98 12:135 13:75 14:51 15:29 16:18 17:9 18:4 19:0 20:1 21:1 22:1
[ROOTCHECK] jointsNamedRoot=1 trackTargetsThisJoint=true roots=[com.jme3.anim.Joint@6aa2df28] localRotZ10=-41,9 localRot=(-8.458362E-9, -3.962728E-9, -0.35778284, 0.9338048)
[JOINT] Root parent=null bindScale=(1.0, 1.0, 1.0) bindRot=(-8.557151E-9, 3.4228552E-8, -5.85797E-16, 1.0) | Hips parent=Root bindTrans=(7.963085E-8, -0.029646516, -1.1632226)
