Sept. 13, 2026 2:55:29 PM com.jme3.system.JmeDesktopSystem initialize
INFORMATION: Running on jMonkeyEngine 3.8.1-stable
 * Branch: HEAD
 * Git Hash: eca8165
 * Build Date: 2025-05-15
[FRAMEYAW] hero Dodge len=0,767 0:0 1:1 2:2 3:7 4:16 5:22 6:22 7:21 8:14 9:22 10:52 11:98 12:135 13:75 14:51 15:29 16:18 17:9 18:4 19:0 20:1 21:1 22:1
[ROOTYAW]  0:-0 1:-0 2:-0 3:-0 4:-0 5:-0 6:-0 7:-0 8:-0 9:-0 10:-0 11:-0 12:-0 13:-0 14:-0 15:-0 16:-0 17:-0 18:-0 19:-0 20:-0 21:-0 22:-0
[TRACK] Hips keys=24 0,000:(-94,-0,43) 0,033:(-86,-2,39) 0,067:(-79,-3,33) 0,100:(-64,-8,25) 0,133:(-44,-16,17) 0,167:(-36,-20,11) 0,200:(-24,-19,6) 0,233:(-11,-17,2) 0,267:(12,-12,-0) 0,300:(36,-17,-4) 0,333:(57,-33,-18) 0,367:(80,-38,-46) 0,400:(-179,30,-59) 0,433:(-156,57,-16) 0,467:(-134,55,19) 0,500:(-115,42,43) 0,533:(-103,27,50) 0,567:(-92,15,51) 0,600:(-88,6,54) 0,633:(-84,-1,56) 0,667:(-87,-2,53) 0,700:(-90,-1,48) 0,733:(-92,-1,45) 0,767:(-94,-0,44)
[TRACKX] Hips scale10=(1.0000001, 0.9999999, 0.99999964) trans10=(5.048266E-8, -0.029646441, -0.7179205) trans0=(7.203797E-8, -0.029646462, -1.0906088)
[TRACK] Root keys=24 0,000:(-0,-0,-42) 0,033:(-0,-0,-42) 0,067:(-0,-0,-42) 0,100:(-0,-0,-42) 0,133:(-0,-0,-42) 0,167:(-0,-0,-42) 0,200:(-0,-0,-42) 0,233:(-0,-0,-42) 0,267:(-0,-0,-42) 0,300:(-0,-0,-42) 0,333:(-0,-0,-42) 0,367:(-0,-0,-42) 0,400:(-0,-0,-42) 0,433:(-0,-0,-42) 0,467:(-0,-0,-42) 0,500:(-0,-0,-42) 0,533:(-0,-0,-42) 0,567:(-0,-0,-42) 0,600:(-0,-0,-42) 0,633:(-0,-0,-42) 0,667:(-0,-0,-42) 0,700:(-0,-0,-42) 0,733:(-0,-0,-42) 0,767:(-0,-0,-42)
[TRACKX] Root scale10=(1.0, 1.0, 1.0) trans10=(0.0, 0.0, 0.0) trans0=(0.0, 0.0, 0.0)
[MODEL] 8:root(0)hips(15) 9:root(0)hips(23) 10:root(0)hips(54) 11:root(0)hips(100) 12:root(0)hips(-133) 13:root(0)hips(-76) 14:root(0)hips(-51) 15:root(0)hips(-29)
[GPUYAW] 0:0 1:1 2:2 3:7 4:16 5:22 6:22 7:21 8:14 9:22 10:52 11:98 12:135 13:75 14:51 15:29 16:18 17:9 18:4 19:0 20:1 21:1 22:1
[SIGNED] [0.18,1.13,1.99,7.17,16.21,21.75,22.02,20.67,13.93,21.96,52.12,97.80,-134.54,-74.97,-50.95,-29.43,-17.53,-9.39,-3.51,0.39,0.96,0.68,0.61]
[DETAIL] f=4 rootLocal=(-8.458362E-9, -3.962728E-9, -0.35778284, 0.9338048) rootModel=(-8.458362E-9, -3.962728E-9, -0.35778284, 0.9338048) hipsLocal=(-0.38565364, -0.18199396, 0.07998839, 0.90097237) hipsModelT=(-0.019809654, -0.022056503, -0.9884932) thighL=(0.027409906, -0.08457209, -0.9380108) thighR=(-0.1121581, -0.017553927, -0.97858185) space=(0.0, 0.0, 0.0, 1.0)
[DETAIL] f=10 rootLocal=(-8.458362E-9, -3.962728E-9, -0.35778284, 0.9338048) rootModel=(-8.458362E-9, -3.962728E-9, -0.35778284, 0.9338048) hipsLocal=(0.48764065, -0.32099104, 0.0023823974, 0.8118902) hipsModelT=(-0.019809674, -0.02205649, -0.7179205) thighL=(0.01266199, -0.10939179, -0.7157846) thighR=(-0.05172414, 0.011529297, -0.7985444) space=(0.0, 0.0, 0.0, 1.0)
[ROOTCHECK] jointsNamedRoot=1 trackTargetsThisJoint=true roots=[com.jme3.anim.Joint@5585992c] localRotZ10=-41,9 localRot=(-8.458362E-9, -3.962728E-9, -0.35778284, 0.9338048)
[JOINT] Root parent=null bindScale=(1.0, 1.0, 1.0) bindRot=(-8.557151E-9, 3.4228552E-8, -5.85797E-16, 1.0) | Hips parent=Root bindTrans=(7.963085E-8, -0.029646516, -1.1632226)
Sept. 13, 2026 2:55:30 PM com.jme3.system.JmeDesktopSystem initialize
INFORMATION: Running on jMonkeyEngine 3.8.1-stable
 * Branch: HEAD
 * Git Hash: eca8165
 * Build Date: 2025-05-15
[FRAMEYAW] hero Dodge len=0,767 0:0 1:1 2:2 3:7 4:15 5:19 6:19 7:17 8:12 9:17 10:32 11:26 12:155 13:123 14:69 15:31 16:17 17:9 18:3 19:0 20:1 21:1 22:1
[ROOTYAW]  0:-0 1:-0 2:-0 3:0 4:0 5:0 6:0 7:0 8:0 9:0 10:0 11:0 12:-180 13:-180 14:0 15:-0 16:-0 17:-0 18:-0 19:-0 20:-0 21:-0 22:-0
[TRACK] Hips keys=24 0,000:(-94,-0,43) 0,033:(-86,-2,39) 0,067:(-79,-3,33) 0,100:(-64,-8,25) 0,133:(-44,-16,17) 0,167:(-36,-20,11) 0,200:(-24,-19,6) 0,233:(-11,-17,2) 0,267:(12,-12,-0) 0,300:(36,-17,-4) 0,333:(57,-33,-18) 0,367:(80,-38,-46) 0,400:(-179,30,-59) 0,433:(-156,57,-16) 0,467:(-134,55,19) 0,500:(-115,42,43) 0,533:(-103,27,50) 0,567:(-92,15,51) 0,600:(-88,6,54) 0,633:(-84,-1,56) 0,667:(-87,-2,53) 0,700:(-90,-1,48) 0,733:(-92,-1,45) 0,767:(-94,-0,44)
[TRACKX] Hips scale10=(1.0000002, 0.9999999, 0.9999996) trans10=(7.9536846E-8, -0.02964631, -0.71792036) trans0=(1.1592238E-7, -0.029646333, -1.0906087)
[TRACK] Root keys=24 0,000:(-0,-0,-42) 0,033:(-0,-0,-41) 0,067:(-0,-0,-40) 0,100:(-0,0,-35) 0,133:(-0,0,-26) 0,167:(-0,0,-20) 0,200:(-0,0,-20) 0,233:(-0,0,-21) 0,267:(-0,0,-28) 0,300:(-0,0,-20) 0,333:(-0,0,10) 0,367:(-0,0,56) 0,400:(-180,-180,-4) 0,433:(-180,-180,-63) 0,467:(0,0,-90) 0,500:(-0,-0,-71) 0,533:(-0,-0,-59) 0,567:(-0,-0,-51) 0,600:(-0,-0,-45) 0,633:(-0,-0,-42) 0,667:(-0,-0,-41) 0,700:(-0,-0,-41) 0,733:(-0,-0,-41) 0,767:(-0,-0,-41)
[TRACKX] Root scale10=(0.99999994, 0.99999994, 0.99999994) trans10=(0.0, 0.0, 0.0) trans0=(0.0, 0.0, 0.0)
[MODEL] 8:root(-0)hips(13) 9:root(-0)hips(18) 10:root(-0)hips(32) 11:root(-0)hips(26) 12:root(180)hips(-153) 13:root(180)hips(-121) 14:root(180)hips(-69) 15:root(0)hips(-31)
[GPUYAW] 0:0 1:1 2:2 3:7 4:15 5:19 6:19 7:17 8:12 9:17 10:32 11:26 12:155 13:123 14:69 15:31 16:17 17:9 18:3 19:0 20:1 21:1 22:1
[SIGNED] [0.18,1.13,1.98,6.95,14.88,19.14,18.64,17.03,11.82,17.11,31.51,25.97,-155.04,-122.56,-69.33,-30.85,-17.39,-9.27,-3.48,0.39,0.96,0.68,0.61]
[DETAIL] f=4 rootLocal=(-3.4293986E-8, 2.160681E-8, -0.22255427, 0.9749203) rootModel=(-3.4293986E-8, 2.160681E-8, -0.22255427, 0.9749203) hipsLocal=(-0.38565364, -0.18199399, 0.07998839, 0.90097237) hipsModelT=(-0.0128648365, -0.026709625, -0.988493) thighL=(0.049929254, -0.07355819, -0.9380105) thighR=(-0.1027989, -0.048165984, -0.9785817) space=(0.0, 0.0, 0.0, 1.0)
[DETAIL] f=10 rootLocal=(-9.43588E-9, 3.4474134E-8, 0.08882303, 0.99604744) rootModel=(-9.43588E-9, 3.4474134E-8, 0.08882303, 0.99604744) hipsLocal=(0.48764065, -0.32099107, 0.0023824342, 0.8118902) hipsModelT=(0.005245764, -0.02917852, -0.7179203) thighL=(0.09411734, -0.057173446, -0.71578443) thighR=(-0.040859204, -0.03374658, -0.7985443) space=(0.0, 0.0, 0.0, 1.0)
[ROOTCHECK] jointsNamedRoot=1 trackTargetsThisJoint=true roots=[com.jme3.anim.Joint@4f73abfb] localRotZ10=10,2 localRot=(-9.43588E-9, 3.4474134E-8, 0.08882303, 0.99604744)
[JOINT] Root parent=null bindScale=(1.0, 1.0, 1.0) bindRot=(-3.8359456E-8, 5.4562122E-8, -9.337911E-16, 1.0) | Hips parent=Root bindTrans=(1.2693573E-7, -0.029646397, -1.163222)
