Compiled from "AnimComposer.java"
public class com.jme3.anim.AnimComposer extends com.jme3.scene.control.AbstractControl {
  public static final java.lang.String DEFAULT_LAYER;
  public com.jme3.anim.AnimComposer();
  public boolean hasAnimClip(java.lang.String);
  public com.jme3.anim.AnimClip getAnimClip(java.lang.String);
  public void addAnimClip(com.jme3.anim.AnimClip);
  public void removeAnimClip(com.jme3.anim.AnimClip);
  public com.jme3.anim.tween.action.Action setCurrentAction(java.lang.String);
  public com.jme3.anim.tween.action.Action setCurrentAction(java.lang.String, java.lang.String);
  public com.jme3.anim.tween.action.Action setCurrentAction(java.lang.String, java.lang.String, boolean);
  public com.jme3.anim.tween.action.Action getCurrentAction();
  public com.jme3.anim.tween.action.Action getCurrentAction(java.lang.String);
  public void removeCurrentAction();
  public void removeCurrentAction(java.lang.String);
  public double getTime();
  public double getTime(java.lang.String);
  public void setTime(double);
  public void setTime(java.lang.String, double);
  public com.jme3.anim.tween.action.Action action(java.lang.String);
  public com.jme3.anim.tween.action.Action getAction(java.lang.String);
  public void addAction(java.lang.String, com.jme3.anim.tween.action.Action);
  public com.jme3.anim.tween.action.Action makeAction(java.lang.String);
  public boolean hasAction(java.lang.String);
  public com.jme3.anim.tween.action.Action removeAction(java.lang.String);
  public void makeLayer(java.lang.String, com.jme3.anim.AnimationMask);
  public void removeLayer(java.lang.String);
  public com.jme3.anim.tween.action.BaseAction actionSequence(java.lang.String, com.jme3.anim.tween.Tween...);
  public com.jme3.anim.tween.action.BlendAction actionBlended(java.lang.String, com.jme3.anim.tween.action.BlendSpace, java.lang.String...);
  public void reset();
  public java.util.Collection<com.jme3.anim.AnimClip> getAnimClips();
  public java.util.Set<java.lang.String> getAnimClipsNames();
  protected void controlUpdate(float);
  protected void controlRender(com.jme3.renderer.RenderManager, com.jme3.renderer.ViewPort);
  public float getGlobalSpeed();
  public void setGlobalSpeed(float);
  public com.jme3.anim.AnimLayer getLayer(java.lang.String);
  public java.lang.Object getLayerManager(java.lang.String);
  public java.util.Set<java.lang.String> getLayerNames();
  public void setLayerManager(java.lang.String, java.lang.Object);
  public java.lang.Object jmeClone();
  public void cloneFields(com.jme3.util.clone.Cloner, java.lang.Object);
  public void read(com.jme3.export.JmeImporter) throws java.io.IOException;
  public void write(com.jme3.export.JmeExporter) throws java.io.IOException;
}
Compiled from "BlendableAction.java"
public abstract class com.jme3.anim.tween.action.BlendableAction extends com.jme3.anim.tween.action.Action {
  protected com.jme3.anim.tween.action.BlendableAction collectTransformDelegate;
  public com.jme3.anim.tween.action.BlendableAction(com.jme3.anim.tween.Tween...);
  public void setCollectTransformDelegate(com.jme3.anim.tween.action.BlendableAction);
  public boolean interpolate(double);
  public float getWeight();
  public void setWeight(float);
  protected abstract void doInterpolate(double);
  public abstract java.util.Collection<com.jme3.anim.util.HasLocalTransform> getTargets();
  public abstract void collectTransform(com.jme3.anim.util.HasLocalTransform, com.jme3.math.Transform, float, com.jme3.anim.tween.action.BlendableAction);
  public double getTransitionLength();
  public void setTransitionLength(double);
  protected float getTransitionWeight();
  public void setMaxTransitionWeight(double);
  public double getMaxTransitionWeight();
  public com.jme3.anim.tween.action.BlendableAction jmeClone();
  public void cloneFields(com.jme3.util.clone.Cloner, java.lang.Object);
  public com.jme3.anim.tween.action.Action jmeClone();
  public java.lang.Object jmeClone();
  static float access$002(com.jme3.anim.tween.action.BlendableAction, float);
  static double access$100(com.jme3.anim.tween.action.BlendableAction);
}
Compiled from "PhysicsSpace.java"
public class com.jme3.bullet.PhysicsSpace extends com.jme3.bullet.CollisionSpace implements com.jme3.bullet.collision.ContactListener {
  public static final int AXIS_X;
  public static final int AXIS_Y;
  public static final int AXIS_Z;
  public static final java.util.logging.Logger logger;
  protected static final java.lang.ThreadLocal<java.util.Queue<com.jme3.app.AppTask<?>>> pQueueTL;
  static final boolean $assertionsDisabled;
  public com.jme3.bullet.PhysicsSpace(com.jme3.bullet.PhysicsSpace$BroadphaseType);
  public com.jme3.bullet.PhysicsSpace(com.jme3.math.Vector3f, com.jme3.math.Vector3f);
  public com.jme3.bullet.PhysicsSpace(com.jme3.math.Vector3f, com.jme3.math.Vector3f, com.jme3.bullet.PhysicsSpace$BroadphaseType);
  public com.jme3.bullet.PhysicsSpace(com.jme3.math.Vector3f, com.jme3.math.Vector3f, com.jme3.bullet.PhysicsSpace$BroadphaseType, int);
  public com.jme3.bullet.PhysicsSpace(com.jme3.math.Vector3f, com.jme3.math.Vector3f, com.jme3.bullet.PhysicsSpace$BroadphaseType, int, com.jme3.bullet.CollisionConfiguration);
  public com.jme3.bullet.PhysicsSpace(com.jme3.math.Vector3f, com.jme3.math.Vector3f, com.jme3.bullet.PhysicsSpace$BroadphaseType, com.jme3.bullet.SolverType);
  public com.jme3.bullet.PhysicsSpace(com.jme3.math.Vector3f, com.jme3.math.Vector3f, com.jme3.bullet.PhysicsSpace$BroadphaseType, com.jme3.bullet.SolverType, com.jme3.bullet.CollisionConfiguration);
  public void activateAll(boolean);
  public void addAll(com.jme3.scene.Spatial);
  public void addCollisionListener(com.jme3.bullet.collision.PhysicsCollisionListener);
  public void addContactListener(com.jme3.bullet.collision.ContactListener);
  public void addContactListener(com.jme3.bullet.collision.ContactListener, boolean, boolean, boolean);
  public void addJoint(com.jme3.bullet.joints.PhysicsJoint);
  public void addOngoingCollisionListener(com.jme3.bullet.collision.PhysicsCollisionListener);
  public void addTickListener(com.jme3.bullet.PhysicsTickListener);
  public boolean contains(com.jme3.bullet.joints.PhysicsJoint);
  public int countCollisionListeners();
  public int countJoints();
  public int countManifolds();
  public int countRigidBodies();
  public int countTickListeners();
  public void distributeEvents();
  public <V> java.util.concurrent.Future<V> enqueue(java.util.concurrent.Callable<V>);
  public static <V> java.util.concurrent.Future<V> enqueueOnThisThread(java.util.concurrent.Callable<V>);
  public float getAccuracy();
  public java.util.Collection<com.jme3.bullet.objects.PhysicsCharacter> getCharacterList();
  public com.jme3.bullet.ContactManager getContactManager();
  public com.jme3.math.Vector3f getGravity(com.jme3.math.Vector3f);
  public java.util.Collection<com.jme3.bullet.joints.PhysicsJoint> getJointList();
  public static com.jme3.bullet.PhysicsSpace getPhysicsSpace();
  public java.util.Collection<com.jme3.bullet.objects.PhysicsRigidBody> getRigidBodyList();
  public com.jme3.bullet.SolverInfo getSolverInfo();
  public int getSolverNumIterations();
  public com.jme3.bullet.SolverType getSolverType();
  public java.util.Collection<com.jme3.bullet.objects.PhysicsVehicle> getVehicleList();
  public boolean isCcdWithStaticOnly();
  public boolean isUsingScr();
  public long[] listManifoldIds();
  public int maxSubSteps();
  public float maxTimeStep();
  public void removeAll(com.jme3.scene.Spatial);
  public void removeCollisionListener(com.jme3.bullet.collision.PhysicsCollisionListener);
  public void removeContactListener(com.jme3.bullet.collision.ContactListener);
  public void removeJoint(com.jme3.bullet.joints.PhysicsJoint);
  public void removeOngoingCollisionListener(com.jme3.bullet.collision.PhysicsCollisionListener);
  public void removeTickListener(com.jme3.bullet.PhysicsTickListener);
  public void setAccuracy(float);
  public void setCcdWithStaticOnly(boolean);
  public void setContactManager(com.jme3.bullet.ContactManager);
  public void setGravity(com.jme3.math.Vector3f);
  public void setMaxSubSteps(int);
  public void setMaxTimeStep(float);
  public void setSolverNumIterations(int);
  public void update(float);
  public void update(float, int);
  public void update(float, int, boolean, boolean, boolean);
  public void useScr(boolean);
  protected java.util.Map<java.lang.Long, com.jme3.bullet.joints.PhysicsJoint> getJointMap();
  protected static native int getWorldType(long);
  protected void initSolverInfo();
  protected void updateSolver();
  public void add(java.lang.Object);
  public void addCollisionObject(com.jme3.bullet.collision.PhysicsCollisionObject);
  public boolean contains(com.jme3.bullet.collision.PhysicsCollisionObject);
  protected void create();
  public void destroy();
  public java.util.Collection<com.jme3.bullet.collision.PhysicsCollisionObject> getPcoList();
  public boolean isEmpty();
  public void remove(java.lang.Object);
  public void removeCollisionObject(com.jme3.bullet.collision.PhysicsCollisionObject);
  public void onContactEnded(long);
  public void onContactProcessed(com.jme3.bullet.collision.PhysicsCollisionObject, com.jme3.bullet.collision.PhysicsCollisionObject, long);
  public void onContactStarted(long);
  static {};
}
Compiled from "CollisionSpace.java"
public class com.jme3.bullet.CollisionSpace extends com.jme3.bullet.NativePhysicsObject {
  public static final java.util.logging.Logger loggerC;
  static final boolean $assertionsDisabled;
  public com.jme3.bullet.CollisionSpace(com.jme3.math.Vector3f, com.jme3.math.Vector3f, com.jme3.bullet.PhysicsSpace$BroadphaseType);
  protected com.jme3.bullet.CollisionSpace(com.jme3.math.Vector3f, com.jme3.math.Vector3f, com.jme3.bullet.PhysicsSpace$BroadphaseType, int);
  protected com.jme3.bullet.CollisionSpace(com.jme3.math.Vector3f, com.jme3.math.Vector3f, com.jme3.bullet.PhysicsSpace$BroadphaseType, int, com.jme3.bullet.CollisionConfiguration);
  public void add(java.lang.Object);
  public void addCollisionGroupListener(com.jme3.bullet.collision.PhysicsCollisionGroupListener, int);
  public void addCollisionObject(com.jme3.bullet.collision.PhysicsCollisionObject);
  public int contactTest(com.jme3.bullet.collision.PhysicsCollisionObject, com.jme3.bullet.collision.PhysicsCollisionListener);
  public boolean contains(com.jme3.bullet.collision.PhysicsCollisionObject);
  public int countCollisionGroupListeners();
  public int countCollisionObjects();
  public int countSolvers();
  public void destroy();
  public com.jme3.bullet.PhysicsSpace$BroadphaseType getBroadphaseType();
  public static com.jme3.bullet.CollisionSpace getCollisionSpace();
  public com.jme3.bullet.CollisionConfiguration getConfiguration();
  public java.util.Collection<com.jme3.bullet.objects.PhysicsGhostObject> getGhostObjectList();
  public java.util.Collection<com.jme3.bullet.collision.PhysicsCollisionObject> getPcoList();
  public int getRayTestFlags();
  public com.jme3.math.Vector3f getWorldMax(com.jme3.math.Vector3f);
  public com.jme3.math.Vector3f getWorldMin(com.jme3.math.Vector3f);
  public boolean hasClosest(com.jme3.bullet.collision.shapes.CollisionShape, com.jme3.bullet.collision.shapes.CollisionShape);
  public boolean hasContact(com.jme3.bullet.collision.shapes.CollisionShape, com.jme3.bullet.collision.shapes.CollisionShape);
  public boolean isEmpty();
  public boolean isForceUpdateAllAabbs();
  public boolean isUsingDeterministicDispatch();
  public long jniEnvId();
  public boolean needsCollision(com.jme3.bullet.collision.PhysicsCollisionObject, com.jme3.bullet.collision.PhysicsCollisionObject);
  public int pairTest(com.jme3.bullet.collision.PhysicsCollisionObject, com.jme3.bullet.collision.PhysicsCollisionObject, com.jme3.bullet.collision.PhysicsCollisionListener);
  public java.util.List<com.jme3.bullet.collision.PhysicsRayTestResult> rayTest(com.jme3.math.Vector3f, com.jme3.math.Vector3f);
  public java.util.List<com.jme3.bullet.collision.PhysicsRayTestResult> rayTest(com.jme3.math.Vector3f, com.jme3.math.Vector3f, java.util.List<com.jme3.bullet.collision.PhysicsRayTestResult>);
  public java.util.List<com.jme3.bullet.collision.PhysicsRayTestResult> rayTestDp(com.simsilica.mathd.Vec3d, com.simsilica.mathd.Vec3d, java.util.List<com.jme3.bullet.collision.PhysicsRayTestResult>);
  public java.util.List<com.jme3.bullet.collision.PhysicsRayTestResult> rayTestRaw(com.jme3.math.Vector3f, com.jme3.math.Vector3f);
  public java.util.List<com.jme3.bullet.collision.PhysicsRayTestResult> rayTestRaw(com.jme3.math.Vector3f, com.jme3.math.Vector3f, java.util.List<com.jme3.bullet.collision.PhysicsRayTestResult>);
  public void remove(java.lang.Object);
  public void removeCollisionGroupListener(int);
  public void removeCollisionObject(com.jme3.bullet.collision.PhysicsCollisionObject);
  public void setForceUpdateAllAabbs(boolean);
  public static void setLocalThreadPhysicsSpace(com.jme3.bullet.CollisionSpace);
  public void setRayTestFlags(int);
  public java.util.List<com.jme3.bullet.collision.PhysicsSweepTestResult> sweepTest(com.jme3.bullet.collision.shapes.ConvexShape, com.jme3.math.Transform, com.jme3.math.Transform);
  public java.util.List<com.jme3.bullet.collision.PhysicsSweepTestResult> sweepTest(com.jme3.bullet.collision.shapes.ConvexShape, com.jme3.math.Transform, com.jme3.math.Transform, java.util.List<com.jme3.bullet.collision.PhysicsSweepTestResult>);
  public java.util.List<com.jme3.bullet.collision.PhysicsSweepTestResult> sweepTest(com.jme3.bullet.collision.shapes.ConvexShape, com.jme3.math.Transform, com.jme3.math.Transform, java.util.List<com.jme3.bullet.collision.PhysicsSweepTestResult>, float);
  public void useDeterministicDispatch(boolean);
  protected void create();
  protected void initThread(long);
  static {};
}
Compiled from "NativeLibrary.java"
public final class com.jme3.bullet.util.NativeLibrary {
  public static final java.util.logging.Logger logger;
  public static final java.lang.String expectedVersion;
  public static native int countClampedCcdMotions();
  public static native int countThreads();
  public static native void crash();
  public static native int dumpMemoryLeaks();
  public static native int dumpQuickprof();
  public static native void fail();
  public static native boolean isDebug();
  public static native boolean isDoublePrecision();
  public static native boolean isInsideTriangle(com.jme3.math.Vector3f, float, com.jme3.math.Vector3f, com.jme3.math.Vector3f, com.jme3.math.Vector3f);
  public static native boolean isQuickprof();
  public static native boolean isThreadSafe();
  public static native long jniEnvId();
  public static native void resetQuickprof();
  public static native void setReinitializationCallbackEnabled(boolean);
  public static native void setStartupMessageEnabled(boolean);
  public static native java.lang.String versionNumber();
  static {};
}
Compiled from "BulletAppState.java"
public class com.jme3.bullet.BulletAppState extends com.jme3.app.state.AbstractAppState implements com.jme3.bullet.PhysicsTickListener {
  public static final java.util.logging.Logger logger;
  static final boolean $assertionsDisabled;
  public com.jme3.bullet.BulletAppState();
  public com.jme3.bullet.BulletAppState(com.jme3.bullet.PhysicsSpace$BroadphaseType);
  public com.jme3.bullet.BulletAppState(com.jme3.math.Vector3f, com.jme3.math.Vector3f);
  public com.jme3.bullet.BulletAppState(com.jme3.math.Vector3f, com.jme3.math.Vector3f, com.jme3.bullet.PhysicsSpace$BroadphaseType);
  public int countSolvers();
  public float debugAxisLength();
  public float debugAxisLineWidth();
  public com.jme3.bullet.PhysicsSpace$BroadphaseType getBroadphaseType();
  public com.jme3.bullet.CollisionConfiguration getCollisionConfiguration();
  public com.jme3.renderer.Camera getDebugCamera();
  public com.jme3.bullet.PhysicsSpace getPhysicsSpace();
  public com.jme3.bullet.SolverType getSolverType();
  public float getSpeed();
  public com.jme3.bullet.BulletAppState$ThreadingType getThreadingType();
  public boolean isDebugEnabled();
  public boolean isRunning();
  public void setBroadphaseType(com.jme3.bullet.PhysicsSpace$BroadphaseType);
  public void setCollisionConfiguration(com.jme3.bullet.CollisionConfiguration);
  public void setDebugAngularVelocityFilter(com.jme3.bullet.debug.BulletDebugAppState$DebugAppStateFilter);
  public void setDebugAxisLength(float);
  public void setDebugAxisLineWidth(float);
  public void setDebugBoundingBoxFilter(com.jme3.bullet.debug.BulletDebugAppState$DebugAppStateFilter);
  public void setDebugCamera(com.jme3.renderer.Camera);
  public void setDebugEnabled(boolean);
  public void setDebugFilter(com.jme3.bullet.debug.BulletDebugAppState$DebugAppStateFilter);
  public void setDebugGravityVectorFilter(com.jme3.bullet.debug.BulletDebugAppState$DebugAppStateFilter);
  public void setDebugInitListener(com.jme3.bullet.debug.DebugInitListener);
  public void setDebugJointLineWidth(float);
  public void setDebugShadowMode(com.jme3.renderer.queue.RenderQueue$ShadowMode);
  public void setDebugSweptSphereFilter(com.jme3.bullet.debug.BulletDebugAppState$DebugAppStateFilter);
  public void setDebugVelocityVectorFilter(com.jme3.bullet.debug.BulletDebugAppState$DebugAppStateFilter);
  public void setDebugViewPorts(com.jme3.renderer.ViewPort...);
  public void setNumSolvers(int);
  public void setSolverType(com.jme3.bullet.SolverType);
  public void setSpeed(float);
  public void setThreadingType(com.jme3.bullet.BulletAppState$ThreadingType);
  public void setTransformSpatial(com.jme3.scene.Spatial);
  public void setWorldMax(com.jme3.math.Vector3f);
  public void setWorldMin(com.jme3.math.Vector3f);
  public void startPhysics();
  public void stopPhysics();
  public com.jme3.math.Vector3f worldMax();
  public com.jme3.math.Vector3f worldMin();
  protected com.jme3.bullet.debug.BulletDebugAppState createDebugAppState();
  protected com.jme3.bullet.PhysicsSpace createPhysicsSpace(com.jme3.math.Vector3f, com.jme3.math.Vector3f, com.jme3.bullet.PhysicsSpace$BroadphaseType);
  protected com.jme3.bullet.debug.BulletDebugAppState getDebugAppState();
  protected com.jme3.bullet.debug.DebugConfiguration getDebugConfiguration();
  protected void setPhysicsSpace(com.jme3.bullet.PhysicsSpace);
  protected void setRunning(boolean);
  protected boolean startPhysicsOnExecutor();
  public void cleanup();
  public void initialize(com.jme3.app.state.AppStateManager, com.jme3.app.Application);
  public void postRender();
  public void render(com.jme3.renderer.RenderManager);
  public void stateAttached(com.jme3.app.state.AppStateManager);
  public void update(float);
  public void physicsTick(com.jme3.bullet.PhysicsSpace, float);
  public void prePhysicsTick(com.jme3.bullet.PhysicsSpace, float);
  static com.jme3.bullet.debug.DebugConfiguration access$000(com.jme3.bullet.BulletAppState);
  static float access$100(com.jme3.bullet.BulletAppState);
  static float access$200(com.jme3.bullet.BulletAppState);
  static com.jme3.math.Vector3f access$300(com.jme3.bullet.BulletAppState);
  static com.jme3.math.Vector3f access$400(com.jme3.bullet.BulletAppState);
  static com.jme3.bullet.PhysicsSpace$BroadphaseType access$500(com.jme3.bullet.BulletAppState);
  static {};
}
