00:00.031  color_management | Using OCIO=C:\Program Files\Blender Foundation\Blender 5.2\5.2\datafiles\colormanagement\config.ocio
FBX version: 7700
[SRC] Stand To Roll                      frames=1..72 sec= 2.37  -41.9  -29.3  -14.0   -2.5    4.5   63.5  -35.7  -50.4  -54.9  -46.7  -41.9
FBX version: 7700
[SRC] sheath sword 1                     frames=1..39 sec= 1.27  -53.1  -51.0  -45.1  -39.8  -33.9  -28.0  -21.1  -17.3  -16.5  -16.7  -17.4
FBX version: 7700
[SRC] sheath sword 2                     frames=1..26 sec= 0.83  -17.4  -17.0  -15.7  -14.1  -12.6  -11.2   -8.8   -5.9   -4.0   -3.3   -2.2
FBX version: 7700
[SRC] sword and shield 180 turn (2)      frames=1..26 sec= 0.83  -10.5  -37.7  -78.4 -111.7 -120.7 -126.5 -130.2 -133.0 -145.6 -161.7  169.9
FBX version: 7700
[SRC] sword and shield 180 turn          frames=1..25 sec= 0.80    1.2  -23.5  -65.3  -81.7 -100.9 -115.7 -132.4 -152.9 -162.5 -173.5 -179.8
FBX version: 7700
[SRC] sword and shield attack (2)        frames=1..40 sec= 1.30  -10.5  -80.9 -145.0  146.5   46.9   20.1  -15.1  -63.7  -74.7  -68.9  -68.9
FBX version: 7700
[SRC] sword and shield attack (3)        frames=1..53 sec= 1.73   -9.5  -38.1 -106.0  160.2   69.4   20.6  -15.2  -37.8  -45.1  -44.6  -45.3
FBX version: 7700
[SRC] sword and shield attack (4)        frames=1..31 sec= 1.00  -52.9  -61.1  -59.6  -35.5   -1.1   -3.9  -31.9  -54.5  -59.9  -56.6  -52.9
FBX version: 7700
[SRC] sword and shield attack            frames=1..71 sec= 2.33  -10.5    0.2    0.4   -1.7   -6.3  -26.1   22.1   19.9   -6.6  -53.3  -53.6
FBX version: 7700
[SRC] sword and shield block (2)         frames=1..16 sec= 0.50  -65.1  -65.1  -66.1  -67.9  -71.3  -67.5  -63.5  -61.6  -59.9  -59.2  -58.9
FBX version: 7700
[SRC] sword and shield block idle        frames=1..42 sec= 1.37  -65.5  -65.6  -65.6  -65.4  -65.4  -65.4  -65.6  -65.8  -65.8  -65.7  -65.6
FBX version: 7700
[SRC] sword and shield block             frames=1..18 sec= 0.57  -54.6  -60.1  -62.8  -65.7  -66.4  -66.6  -66.5  -66.4  -66.3  -66.3  -66.3
FBX version: 7700
[SRC] sword and shield casting (2)       frames=1..32 sec= 1.03  -39.8  -32.7  -24.9  -24.3  -24.3  -24.2  -24.3  -25.1  -29.3  -34.2  -39.8
FBX version: 7700
[SRC] sword and shield casting           frames=1..90 sec= 2.97  -53.1   -2.2    9.9    6.3   -1.6   -6.1   27.1   21.1   21.3    0.8  -53.1
FBX version: 7700
[SRC] sword and shield crouch block (2)  frames=1..25 sec= 0.80  -29.0  -27.4  -24.7  -24.1  -25.0  -25.0  -25.6  -27.0  -28.0  -28.7  -28.7
FBX version: 7700
[SRC] sword and shield crouch block idle frames=1..7 sec= 0.20  -36.2  -36.2  -36.2  -36.2  -36.2  -36.2  -36.2  -36.2  -36.2  -36.2  -36.2
FBX version: 7700
[SRC] sword and shield crouch block      frames=1..16 sec= 0.50  -38.1  -39.1  -39.9  -40.7  -42.0  -40.5  -39.4  -39.3  -38.1  -36.7  -36.2
FBX version: 7700
[SRC] sword and shield crouch idle       frames=1..70 sec= 2.30  -38.1  -38.1  -38.0  -38.0  -38.0  -38.1  -38.2  -38.3  -38.3  -38.3  -38.2
FBX version: 7700
[SRC] sword and shield crouch            frames=1..18 sec= 0.57  -47.3  -47.6  -47.8  -47.5  -45.5  -44.3  -41.8  -40.7  -40.0  -40.0  -40.0
FBX version: 7700
[SRC] sword and shield crouching (2)     frames=1..16 sec= 0.50  -36.2  -36.1  -36.1  -36.1  -36.2  -36.5  -36.6  -36.7  -37.0  -37.2  -37.4
FBX version: 7700
[SRC] sword and shield crouching (3)     frames=1..20 sec= 0.63  -38.1  -39.1  -41.8  -45.0  -45.5  -43.7  -42.7  -40.6  -39.1  -38.5  -38.1
FBX version: 7700
[SRC] sword and shield crouching         frames=1..16 sec= 0.50  -38.1  -38.0  -38.0  -38.3  -39.4  -41.4  -42.5  -43.7  -45.4  -46.0  -46.1
FBX version: 7700
[SRC] sword and shield death (2)         frames=1..118 sec= 3.90  -53.1  -29.2  -28.2  -19.7   -9.1  -27.4  -21.6  -10.2    6.0   -0.4    0.7
FBX version: 7700
[SRC] sword and shield death             frames=1..70 sec= 2.30  -53.1  -34.6  -38.7  -39.4  -41.5  -44.5  -39.9   -5.8    5.9   10.3    7.6
FBX version: 7700
[SRC] sword and shield idle (2)          frames=1..222 sec= 7.37  -53.1  -43.1  -41.2  -47.7  -47.3  -32.7  -20.9  -55.4  -47.6  -54.7  -53.7
FBX version: 7700
[SRC] sword and shield idle (3)          frames=1..255 sec= 8.47  -53.1  -54.3  -51.8  -43.7  -56.0  -45.5  -48.4  -62.0  -58.8  -54.5  -53.7
FBX version: 7700
[SRC] sword and shield idle (4)          frames=1..74 sec= 2.43  -53.1  -53.5  -53.7  -53.5  -53.3  -53.0  -53.6  -53.7  -53.6  -53.1  -53.0
FBX version: 7700
[SRC] sword and shield idle              frames=1..107 sec= 3.53  -53.1  -31.9  -24.3  -23.3  -48.1  -74.4  -86.0  -76.1  -58.7  -48.1  -49.5
FBX version: 7700
[SRC] sword and shield impact (2)        frames=1..30 sec= 0.97  -53.1  -45.9  -53.0  -60.1  -56.4  -55.6  -54.6  -54.2  -53.8  -53.5  -53.1
FBX version: 7700
[SRC] sword and shield impact (3)        frames=1..22 sec= 0.70  -53.1  -51.8  -50.7  -53.5  -56.2  -51.8  -55.7  -56.5  -52.0  -52.6  -53.1
FBX version: 7700
[SRC] sword and shield impact            frames=1..24 sec= 0.77  -65.5  -62.6  -55.9  -53.8  -56.1  -58.9  -60.3  -61.6  -63.0  -64.9  -64.9
FBX version: 7700
[SRC] sword and shield jump (2)          frames=1..30 sec= 0.97  -54.3  -51.3  -44.8  -41.8  -43.8  -45.2  -49.5  -52.8  -53.4  -53.8  -54.3
FBX version: 7700
[SRC] sword and shield jump              frames=1..26 sec= 0.83  -10.5   -6.0   -3.8   -1.4   -0.2   -2.5   -7.8  -11.0  -13.1  -14.2  -10.5
FBX version: 7700
[SRC] sword and shield kick              frames=1..37 sec= 1.20  -53.1  -36.9  -11.1   10.0   25.6   25.2   -3.1  -26.8  -50.0  -53.8  -53.1
FBX version: 7700
[SRC] sword and shield power up          frames=1..72 sec= 2.37  -53.1  -51.2  -60.5  -59.9  -60.4  -61.6  -62.1  -62.3  -60.9  -56.7  -53.1
FBX version: 7700
[SRC] sword and shield run (2)           frames=1..17 sec= 0.53  -20.0  -18.6  -22.8  -30.0  -32.1  -38.0  -35.0  -30.4  -25.1  -23.7  -20.0
FBX version: 7700
[SRC] sword and shield run               frames=1..22 sec= 0.70  -10.5  -11.5   -7.0   -3.0    1.4    7.7    8.3    3.3    0.8   -1.3  -10.5
FBX version: 7700
[SRC] sword and shield slash (2)         frames=1..107 sec= 3.53  -53.1  -59.4   25.9   62.1   10.3 -144.6   73.8  -40.7  -67.1  -77.4  -53.1
FBX version: 7700
[SRC] sword and shield slash (3)         frames=1..48 sec= 1.57  -53.1  -38.7  -12.0   29.2   50.8   12.3    3.7  -23.2  -43.4  -50.9  -54.3
FBX version: 7700
[SRC] sword and shield slash (4)         frames=1..70 sec= 2.30  -45.4  -48.6  -92.3 -177.0  109.1   52.0  -33.4  -57.9  -65.7  -66.7  -54.9
FBX version: 7700
[SRC] sword and shield slash (5)         frames=1..42 sec= 1.37  -38.1  -37.5  -33.4  -27.7  -15.4   -4.7   -3.1  -22.5  -38.8  -42.3  -39.3
FBX version: 7700
[SRC] sword and shield slash             frames=1..46 sec= 1.50  -53.1  -56.0  -62.0  -30.6    8.3   21.0   18.8   -8.8  -38.9  -49.3  -53.1
FBX version: 7700
[SRC] sword and shield strafe (2)        frames=1..40 sec= 1.30  -60.3  -65.8  -69.7  -75.1  -79.5  -80.7  -78.1  -73.6  -69.7  -65.1  -60.3
FBX version: 7700
[SRC] sword and shield strafe (3)        frames=1..21 sec= 0.67  -57.5  -51.0  -53.5  -63.2  -70.5  -74.9  -80.0  -73.6  -64.0  -64.9  -57.5
FBX version: 7700
[SRC] sword and shield strafe (4)        frames=1..22 sec= 0.70  -79.7  -76.7  -75.0  -76.1  -79.9  -80.2  -79.9  -80.4  -81.2  -80.3  -79.7
FBX version: 7700
[SRC] sword and shield strafe            frames=1..35 sec= 1.13  -60.3  -62.6  -66.5  -67.8  -72.8  -74.8  -72.2  -70.1  -67.3  -61.6  -60.3
FBX version: 7700
[SRC] sword and shield turn (2)          frames=1..29 sec= 0.93  -53.1  -42.6  -31.7  -24.3  -12.6   -0.8   10.9   21.9   28.5   37.4   46.1
FBX version: 7700
[SRC] sword and shield turn              frames=1..29 sec= 0.93  -53.1  -62.2  -71.1  -77.5  -88.5 -100.3 -112.1 -123.7 -131.0 -143.7 -152.4
FBX version: 7700
[SRC] sword and shield walk (2)          frames=1..38 sec= 1.23    1.2    5.9   10.1    8.4    2.6   -1.0   -5.8  -10.4   -8.7   -2.7    0.2
FBX version: 7700
[SRC] sword and shield walk              frames=1..34 sec= 1.10    1.2   -1.9   -7.6   -8.1   -7.3   -4.9   -0.4    3.5    5.7    5.1    1.2
Blender 5.2.1 LTS (hash 9e2066aef7ef built 2026-08-25 02:38:20)

Blender quit
