hero    Idle     len=2.433 keys=74 leavesBindAt=0.000 first: 0.000:93.9 0.033:93.9 0.067:93.9 0.100:93.9 0.133:93.9 0.167:93.9
hero    Walk     len=1.100 keys=34 leavesBindAt=0.000 first: 0.000:90.7 0.033:90.6 0.067:90.6 0.100:90.6 0.133:90.7 0.167:90.8
hero    Run      len=0.700 keys=22 leavesBindAt=0.000 first: 0.000:109.7 0.033:109.0 0.067:106.2 0.100:93.6 0.133:86.8 0.167:86.8
hero    Attack1  len=0.533 keys=17 leavesBindAt=0.000 first: 0.000:96.7 0.033:96.4 0.067:95.0 0.100:98.8 0.133:97.5 0.167:99.5
hero    Attack2  len=0.567 keys=18 leavesBindAt=0.000 first: 0.000:179.4 0.033:177.6 0.067:177.6 0.100:177.6 0.133:177.6 0.167:177.6
hero    Attack3  len=0.767 keys=24 leavesBindAt=0.000 first: 0.000:90.7 0.033:90.7 0.067:90.7 0.100:92.0 0.133:94.1 0.167:93.8
hero    Dodge    len=2.333 keys=71 leavesBindAt=0.000 first: 0.000:62.2 0.033:60.9 0.067:58.7 0.100:54.7 0.133:57.9 0.167:61.5
hero    Block    len=1.400 keys=43 leavesBindAt=0.000 first: 0.000:115.9 0.033:115.9 0.067:115.9 0.100:116.0 0.133:116.0 0.167:116.1
hero    Hit      len=0.700 keys=22 leavesBindAt=0.000 first: 0.000:115.9 0.033:115.0 0.067:115.2 0.100:112.5 0.133:106.9 0.167:108.0
hero    Death    len=2.300 keys=70 leavesBindAt=0.000 first: 0.000:97.5 0.033:104.0 0.067:110.6 0.100:109.6 0.133:103.7 0.167:94.8
hero    Cast     len=2.967 keys=90 leavesBindAt=0.000 first: 0.000:97.3 0.033:97.8 0.067:98.4 0.100:99.5 0.133:101.9 0.167:106.2
mira    Idle     len=2.533 keys=77 leavesBindAt=0.000 first: 0.000:99.1 0.033:99.1 0.067:99.2 0.100:99.2 0.133:99.1 0.167:99.1
mira    Walk     len=1.100 keys=34 leavesBindAt=0.000 first: 0.000:90.7 0.033:90.6 0.067:90.6 0.100:90.6 0.133:90.7 0.167:90.8
mira    Run      len=0.700 keys=22 leavesBindAt=0.000 first: 0.000:111.8 0.033:111.0 0.067:108.4 0.100:95.6 0.133:86.8 0.167:86.8
mira    Attack1  len=0.533 keys=17 leavesBindAt=0.000 first: 0.000:90.7 0.033:90.7 0.067:91.8 0.100:105.5 0.133:112.7 0.167:118.5
mira    Attack2  len=0.567 keys=18 leavesBindAt=0.000 first: 0.000:113.4 0.033:135.4 0.067:159.5 0.100:167.5 0.133:120.2 0.167:100.0
mira    Attack3  len=0.767 keys=24 leavesBindAt=0.000 first: 0.000:140.5 0.033:137.2 0.067:132.3 0.100:126.0 0.133:120.8 0.167:114.0
mira    Dodge    len=2.333 keys=71 leavesBindAt=0.000 first: 0.000:65.0 0.033:63.7 0.067:61.5 0.100:57.6 0.133:57.7 0.167:61.2
mira    Block    len=1.333 keys=41 leavesBindAt=0.000 first: 0.000:115.9 0.033:115.9 0.067:115.9 0.100:116.0 0.133:116.0 0.167:116.1
mira    Hit      len=0.767 keys=24 leavesBindAt=0.000 first: 0.000:115.9 0.033:115.0 0.067:113.1 0.100:111.1 0.133:109.2 0.167:108.0
mira    Death    len=2.300 keys=70 leavesBindAt=0.000 first: 0.000:97.5 0.033:104.0 0.067:110.6 0.100:109.6 0.133:103.7 0.167:94.8
mira    Cast     len=2.967 keys=90 leavesBindAt=0.000 first: 0.000:97.3 0.033:97.8 0.067:98.4 0.100:100.1 0.133:101.9 0.167:106.0
eren    Idle     len=2.533 keys=77 leavesBindAt=0.000 first: 0.000:91.2 0.033:91.2 0.067:91.2 0.100:91.2 0.133:91.2 0.167:91.2
eren    Walk     len=1.100 keys=34 leavesBindAt=0.000 first: 0.000:90.7 0.033:90.6 0.067:90.6 0.100:90.6 0.133:90.7 0.167:90.8
eren    Run      len=0.700 keys=22 leavesBindAt=0.000 first: 0.000:109.7 0.033:109.0 0.067:106.2 0.100:93.6 0.133:86.8 0.167:86.8
eren    Attack1  len=0.533 keys=17 leavesBindAt=0.000 first: 0.000:96.7 0.033:96.4 0.067:95.0 0.100:98.8 0.133:97.5 0.167:99.5
eren    Attack2  len=0.567 keys=18 leavesBindAt=0.000 first: 0.000:179.4 0.033:176.9 0.067:176.9 0.100:176.9 0.133:176.9 0.167:176.9
eren    Attack3  len=0.767 keys=24 leavesBindAt=0.000 first: 0.000:90.7 0.033:90.7 0.067:90.7 0.100:92.0 0.133:94.1 0.167:93.8
eren    Dodge    len=2.333 keys=71 leavesBindAt=0.000 first: 0.000:62.2 0.033:60.9 0.067:58.7 0.100:54.7 0.133:57.9 0.167:61.5
eren    Block    len=1.400 keys=43 leavesBindAt=0.000 first: 0.000:115.9 0.033:115.9 0.067:115.9 0.100:116.0 0.133:116.0 0.167:116.1
eren    Hit      len=0.700 keys=22 leavesBindAt=0.000 first: 0.000:115.9 0.033:115.0 0.067:115.2 0.100:112.5 0.133:106.9 0.167:108.0
eren    Death    len=2.300 keys=70 leavesBindAt=0.000 first: 0.000:97.5 0.033:104.0 0.067:110.6 0.100:109.6 0.133:103.7 0.167:94.8
eren    Cast     len=2.967 keys=90 leavesBindAt=0.000 first: 0.000:97.3 0.033:97.8 0.067:98.4 0.100:99.5 0.133:101.9 0.167:106.2
goblin  Idle     len=2.533 keys=77 leavesBindAt=0.000 first: 0.000:91.2 0.033:91.2 0.067:91.2 0.100:91.2 0.133:91.2 0.167:91.2
goblin  Walk     len=1.100 keys=34 leavesBindAt=0.000 first: 0.000:89.9 0.033:88.4 0.067:88.6 0.100:88.8 0.133:89.0 0.167:89.2
goblin  Run      len=0.700 keys=22 leavesBindAt=0.000 first: 0.000:109.7 0.033:109.0 0.067:106.2 0.100:93.6 0.133:78.9 0.167:68.7
goblin  Attack1  len=0.533 keys=17 leavesBindAt=0.000 first: 0.000:96.7 0.033:96.4 0.067:95.0 0.100:98.8 0.133:97.5 0.167:99.5
goblin  Attack2  len=0.567 keys=18 leavesBindAt=0.000 first: 0.000:179.4 0.033:178.8 0.067:178.8 0.100:178.8 0.133:178.8 0.167:178.8
goblin  Attack3  len=0.767 keys=24 leavesBindAt=0.000 first: 0.000:80.6 0.033:71.2 0.067:83.4 0.100:92.0 0.133:94.1 0.167:93.8
goblin  Dodge    len=2.333 keys=71 leavesBindAt=0.000 first: 0.000:62.2 0.033:60.9 0.067:58.7 0.100:54.7 0.133:57.9 0.167:61.5
goblin  Block    len=1.400 keys=43 leavesBindAt=0.000 first: 0.000:115.9 0.033:115.9 0.067:115.9 0.100:116.0 0.133:116.0 0.167:116.1
goblin  Hit      len=0.700 keys=22 leavesBindAt=0.000 first: 0.000:115.9 0.033:115.0 0.067:115.2 0.100:112.5 0.133:106.9 0.167:107.5
goblin  Death    len=2.300 keys=70 leavesBindAt=0.000 first: 0.000:97.5 0.033:104.0 0.067:110.6 0.100:109.6 0.133:103.7 0.167:94.8
goblin  Cast     len=2.967 keys=90 leavesBindAt=0.000 first: 0.000:97.3 0.033:97.8 0.067:98.4 0.100:99.5 0.133:101.9 0.167:106.2
orc     Idle     len=2.533 keys=77 leavesBindAt=0.000 first: 0.000:91.2 0.033:91.2 0.067:91.2 0.100:91.2 0.133:91.2 0.167:91.2
orc     Walk     len=1.100 keys=34 leavesBindAt=0.000 first: 0.000:89.9 0.033:88.4 0.067:88.6 0.100:88.8 0.133:89.0 0.167:89.2
orc     Run      len=0.700 keys=22 leavesBindAt=0.000 first: 0.000:109.7 0.033:109.0 0.067:106.2 0.100:93.6 0.133:78.9 0.167:68.7
orc     Attack1  len=0.533 keys=17 leavesBindAt=0.000 first: 0.000:96.7 0.033:96.4 0.067:95.0 0.100:98.8 0.133:97.5 0.167:99.5
orc     Attack2  len=0.567 keys=18 leavesBindAt=0.000 first: 0.000:179.4 0.033:176.9 0.067:176.9 0.100:176.9 0.133:176.9 0.167:176.9
orc     Attack3  len=0.767 keys=24 leavesBindAt=0.000 first: 0.000:80.6 0.033:71.2 0.067:83.4 0.100:92.0 0.133:94.1 0.167:93.8
orc     Dodge    len=2.333 keys=71 leavesBindAt=0.000 first: 0.000:62.2 0.033:60.9 0.067:58.7 0.100:54.7 0.133:57.9 0.167:61.5
orc     Block    len=1.400 keys=43 leavesBindAt=0.000 first: 0.000:115.9 0.033:115.9 0.067:115.9 0.100:116.0 0.133:116.0 0.167:116.1
orc     Hit      len=0.700 keys=22 leavesBindAt=0.000 first: 0.000:115.9 0.033:115.0 0.067:115.2 0.100:112.5 0.133:106.9 0.167:107.5
orc     Death    len=2.300 keys=70 leavesBindAt=0.000 first: 0.000:97.5 0.033:104.0 0.067:110.6 0.100:109.6 0.133:103.7 0.167:94.8
orc     Cast     len=2.967 keys=90 leavesBindAt=0.000 first: 0.000:97.3 0.033:97.8 0.067:98.4 0.100:99.5 0.133:101.9 0.167:106.2
warden  Idle     len=2.533 keys=77 leavesBindAt=0.000 first: 0.000:91.2 0.033:91.2 0.067:91.2 0.100:91.2 0.133:91.2 0.167:91.2
warden  Walk     len=1.100 keys=34 leavesBindAt=0.000 first: 0.000:89.9 0.033:88.4 0.067:88.6 0.100:88.8 0.133:89.0 0.167:89.2
warden  Run      len=0.700 keys=22 leavesBindAt=0.000 first: 0.000:109.7 0.033:109.0 0.067:106.2 0.100:93.6 0.133:78.9 0.167:68.7
warden  Attack1  len=0.533 keys=17 leavesBindAt=0.000 first: 0.000:96.7 0.033:96.4 0.067:95.0 0.100:98.8 0.133:97.5 0.167:99.5
warden  Attack2  len=0.567 keys=18 leavesBindAt=0.000 first: 0.000:179.4 0.033:176.9 0.067:176.9 0.100:176.9 0.133:176.9 0.167:176.9
warden  Attack3  len=0.767 keys=24 leavesBindAt=0.000 first: 0.000:80.6 0.033:71.2 0.067:83.4 0.100:92.0 0.133:94.1 0.167:93.8
warden  Dodge    len=2.333 keys=71 leavesBindAt=0.000 first: 0.000:62.2 0.033:60.9 0.067:58.7 0.100:54.7 0.133:57.9 0.167:61.5
warden  Block    len=1.400 keys=43 leavesBindAt=0.000 first: 0.000:115.9 0.033:115.9 0.067:115.9 0.100:116.0 0.133:116.0 0.167:116.1
warden  Hit      len=0.700 keys=22 leavesBindAt=0.000 first: 0.000:115.9 0.033:115.0 0.067:115.2 0.100:112.5 0.133:106.9 0.167:107.5
warden  Death    len=2.300 keys=70 leavesBindAt=0.000 first: 0.000:97.5 0.033:104.0 0.067:110.6 0.100:109.6 0.133:103.7 0.167:94.8
warden  Cast     len=2.967 keys=90 leavesBindAt=0.000 first: 0.000:97.3 0.033:97.8 0.067:98.4 0.100:99.5 0.133:101.9 0.167:106.2
shaman  Idle     len=2.533 keys=77 leavesBindAt=0.000 first: 0.000:91.2 0.033:91.2 0.067:91.2 0.100:91.2 0.133:91.2 0.167:91.2
shaman  Walk     len=1.100 keys=34 leavesBindAt=0.000 first: 0.000:89.9 0.033:88.4 0.067:88.6 0.100:88.8 0.133:89.0 0.167:89.2
shaman  Run      len=0.700 keys=22 leavesBindAt=0.000 first: 0.000:109.7 0.033:109.0 0.067:106.2 0.100:93.6 0.133:78.9 0.167:68.7
shaman  Attack1  len=0.533 keys=17 leavesBindAt=0.000 first: 0.000:96.7 0.033:96.4 0.067:95.0 0.100:98.8 0.133:97.5 0.167:99.5
shaman  Attack2  len=0.567 keys=18 leavesBindAt=0.000 first: 0.000:179.4 0.033:176.9 0.067:176.9 0.100:176.9 0.133:176.9 0.167:176.9
shaman  Attack3  len=0.767 keys=24 leavesBindAt=0.000 first: 0.000:80.6 0.033:71.2 0.067:83.4 0.100:92.0 0.133:94.1 0.167:93.8
shaman  Dodge    len=2.333 keys=71 leavesBindAt=0.000 first: 0.000:62.2 0.033:60.9 0.067:58.7 0.100:54.7 0.133:57.9 0.167:61.5
shaman  Block    len=1.400 keys=43 leavesBindAt=0.000 first: 0.000:115.9 0.033:115.9 0.067:115.9 0.100:116.0 0.133:116.0 0.167:116.1
shaman  Hit      len=0.700 keys=22 leavesBindAt=0.000 first: 0.000:115.9 0.033:115.0 0.067:115.2 0.100:112.5 0.133:106.9 0.167:107.5
shaman  Death    len=2.300 keys=70 leavesBindAt=0.000 first: 0.000:97.5 0.033:104.0 0.067:110.6 0.100:109.6 0.133:103.7 0.167:94.8
shaman  Cast     len=2.967 keys=90 leavesBindAt=0.000 first: 0.000:97.3 0.033:97.8 0.067:98.4 0.100:99.5 0.133:101.9 0.167:106.2
king    Idle     len=2.533 keys=77 leavesBindAt=0.000 first: 0.000:91.2 0.033:91.2 0.067:91.2 0.100:91.2 0.133:91.2 0.167:91.2
king    Walk     len=1.100 keys=34 leavesBindAt=0.000 first: 0.000:89.9 0.033:88.4 0.067:88.6 0.100:88.8 0.133:89.0 0.167:89.2
king    Run      len=0.700 keys=22 leavesBindAt=0.000 first: 0.000:109.7 0.033:109.0 0.067:106.2 0.100:93.6 0.133:78.9 0.167:68.7
king    Attack1  len=0.533 keys=17 leavesBindAt=0.000 first: 0.000:96.7 0.033:96.4 0.067:95.0 0.100:98.8 0.133:97.5 0.167:99.5
king    Attack2  len=0.567 keys=18 leavesBindAt=0.000 first: 0.000:179.4 0.033:176.9 0.067:176.9 0.100:176.9 0.133:176.9 0.167:176.9
king    Attack3  len=0.767 keys=24 leavesBindAt=0.000 first: 0.000:80.6 0.033:71.2 0.067:83.4 0.100:92.0 0.133:94.1 0.167:93.8
king    Dodge    len=2.333 keys=71 leavesBindAt=0.000 first: 0.000:62.2 0.033:60.9 0.067:58.7 0.100:54.7 0.133:57.9 0.167:61.5
king    Block    len=1.400 keys=43 leavesBindAt=0.000 first: 0.000:115.9 0.033:115.9 0.067:115.9 0.100:116.0 0.133:116.0 0.167:116.1
king    Hit      len=0.700 keys=22 leavesBindAt=0.000 first: 0.000:115.9 0.033:115.0 0.067:115.2 0.100:112.5 0.133:106.9 0.167:107.5
king    Death    len=2.300 keys=70 leavesBindAt=0.000 first: 0.000:97.5 0.033:104.0 0.067:110.6 0.100:109.6 0.133:103.7 0.167:94.8
king    Cast     len=2.967 keys=90 leavesBindAt=0.000 first: 0.000:97.3 0.033:97.8 0.067:98.4 0.100:99.5 0.133:101.9 0.167:106.2
